[2026-05-24T16:05:32.250+0000] {local_task_job_runner.py:120} INFO - ::group::Pre task execution logs
[2026-05-24T16:05:32.290+0000] {taskinstance.py:2076} INFO - Dependencies all met for dep_context=non-requeueable deps ti=<TaskInstance: berlin_social_atlas.ingest_berlin_mss manual__2026-05-24T16:05:31.317392+00:00 [queued]>
[2026-05-24T16:05:32.300+0000] {taskinstance.py:2076} INFO - Dependencies all met for dep_context=requeueable deps ti=<TaskInstance: berlin_social_atlas.ingest_berlin_mss manual__2026-05-24T16:05:31.317392+00:00 [queued]>
[2026-05-24T16:05:32.301+0000] {taskinstance.py:2306} INFO - Starting attempt 1 of 3
[2026-05-24T16:05:32.311+0000] {taskinstance.py:2330} INFO - Executing <Task(PythonOperator): ingest_berlin_mss> on 2026-05-24 16:05:31.317392+00:00
[2026-05-24T16:05:32.320+0000] {logging_mixin.py:188} WARNING - /home/***/.local/lib/python3.12/site-packages/***/task/task_runner/standard_task_runner.py:61 DeprecationWarning: This process (pid=194) is multi-threaded, use of fork() may lead to deadlocks in the child.
[2026-05-24T16:05:32.319+0000] {standard_task_runner.py:90} INFO - Running: ['***', 'tasks', 'run', 'berlin_social_atlas', 'ingest_berlin_mss', 'manual__2026-05-24T16:05:31.317392+00:00', '--job-id', '2', '--raw', '--subdir', 'DAGS_FOLDER/berlin_mss_pipeline.py', '--cfg-path', '/tmp/tmpiemz_u26']
[2026-05-24T16:05:32.322+0000] {standard_task_runner.py:91} INFO - Job 2: Subtask ingest_berlin_mss
[2026-05-24T16:05:32.322+0000] {standard_task_runner.py:63} INFO - Started process 197 to run task
[2026-05-24T16:05:32.378+0000] {task_command.py:426} INFO - Running <TaskInstance: berlin_social_atlas.ingest_berlin_mss manual__2026-05-24T16:05:31.317392+00:00 [running]> on host b116661fb8f9
[2026-05-24T16:05:32.462+0000] {taskinstance.py:2648} INFO - Exporting env vars: AIRFLOW_CTX_DAG_OWNER='***' AIRFLOW_CTX_DAG_ID='berlin_social_atlas' AIRFLOW_CTX_TASK_ID='ingest_berlin_mss' AIRFLOW_CTX_EXECUTION_DATE='2026-05-24T16:05:31.317392+00:00' AIRFLOW_CTX_TRY_NUMBER='1' AIRFLOW_CTX_DAG_RUN_ID='manual__2026-05-24T16:05:31.317392+00:00'
[2026-05-24T16:05:32.462+0000] {taskinstance.py:430} INFO - ::endgroup::
[2026-05-24T16:05:32.485+0000] {fetch_berlin_mss.py:54} INFO - Fetching WFS: https://gdi.berlin.de/services/wfs/mss_2025
[2026-05-24T16:05:34.260+0000] {fetch_berlin_mss.py:68} INFO - Parsing 542 features
[2026-05-24T16:05:34.517+0000] {fetch_berlin_mss.py:111} INFO - Cleared existing year=2025 records
[2026-05-24T16:05:34.963+0000] {fetch_berlin_mss.py:147} INFO - Loaded 542 records into raw.berlin_mss
[2026-05-24T16:05:34.964+0000] {fetch_berlin_mss.py:156} INFO - Ingestion complete.
[2026-05-24T16:05:34.974+0000] {python.py:237} INFO - Done. Returned value was: None
[2026-05-24T16:05:34.974+0000] {taskinstance.py:441} INFO - ::group::Post task execution logs
[2026-05-24T16:05:34.984+0000] {taskinstance.py:1206} INFO - Marking task as SUCCESS. dag_id=berlin_social_atlas, task_id=ingest_berlin_mss, run_id=manual__2026-05-24T16:05:31.317392+00:00, execution_date=20260524T160531, start_date=20260524T160532, end_date=20260524T160534
[2026-05-24T16:05:35.007+0000] {local_task_job_runner.py:240} INFO - Task exited with return code 0
[2026-05-24T16:05:35.030+0000] {taskinstance.py:3498} INFO - 1 downstream tasks scheduled from follow-on schedule check
[2026-05-24T16:05:35.032+0000] {local_task_job_runner.py:222} INFO - ::endgroup::
