[2026-05-24T16:35:51.319+0000] {local_task_job_runner.py:120} INFO - ::group::Pre task execution logs
[2026-05-24T16:35:51.344+0000] {taskinstance.py:2076} INFO - Dependencies all met for dep_context=non-requeueable deps ti=<TaskInstance: berlin_social_atlas.dbt_run manual__2026-05-24T16:35:47.025496+00:00 [queued]>
[2026-05-24T16:35:51.349+0000] {taskinstance.py:2076} INFO - Dependencies all met for dep_context=requeueable deps ti=<TaskInstance: berlin_social_atlas.dbt_run manual__2026-05-24T16:35:47.025496+00:00 [queued]>
[2026-05-24T16:35:51.349+0000] {taskinstance.py:2306} INFO - Starting attempt 1 of 3
[2026-05-24T16:35:51.357+0000] {taskinstance.py:2330} INFO - Executing <Task(BashOperator): dbt_run> on 2026-05-24 16:35:47.025496+00:00
[2026-05-24T16:35:51.363+0000] {standard_task_runner.py:90} INFO - Running: ['***', 'tasks', 'run', 'berlin_social_atlas', 'dbt_run', 'manual__2026-05-24T16:35:47.025496+00:00', '--job-id', '11', '--raw', '--subdir', 'DAGS_FOLDER/berlin_mss_pipeline.py', '--cfg-path', '/tmp/tmpoukjrrf1']
[2026-05-24T16:35:51.363+0000] {logging_mixin.py:188} WARNING - /home/***/.local/lib/python3.12/site-packages/***/task/task_runner/standard_task_runner.py:61 DeprecationWarning: This process (pid=358) is multi-threaded, use of fork() may lead to deadlocks in the child.
[2026-05-24T16:35:51.366+0000] {standard_task_runner.py:63} INFO - Started process 359 to run task
[2026-05-24T16:35:51.365+0000] {standard_task_runner.py:91} INFO - Job 11: Subtask dbt_run
[2026-05-24T16:35:51.404+0000] {task_command.py:426} INFO - Running <TaskInstance: berlin_social_atlas.dbt_run manual__2026-05-24T16:35:47.025496+00:00 [running]> on host f33b7c2b37fa
[2026-05-24T16:35:51.468+0000] {taskinstance.py:2648} INFO - Exporting env vars: AIRFLOW_CTX_DAG_OWNER='***' AIRFLOW_CTX_DAG_ID='berlin_social_atlas' AIRFLOW_CTX_TASK_ID='dbt_run' AIRFLOW_CTX_EXECUTION_DATE='2026-05-24T16:35:47.025496+00:00' AIRFLOW_CTX_TRY_NUMBER='1' AIRFLOW_CTX_DAG_RUN_ID='manual__2026-05-24T16:35:47.025496+00:00'
[2026-05-24T16:35:51.468+0000] {taskinstance.py:430} INFO - ::endgroup::
[2026-05-24T16:35:51.476+0000] {subprocess.py:63} INFO - Tmp dir root location: /tmp
[2026-05-24T16:35:51.477+0000] {subprocess.py:75} INFO - Running command: ['/usr/bin/bash', '-c', 'cd /opt/***/dbt && dbt deps --profiles-dir . && dbt run --profiles-dir .']
[2026-05-24T16:35:51.482+0000] {subprocess.py:86} INFO - Output:
[2026-05-24T16:35:53.658+0000] {subprocess.py:93} INFO - [0m16:35:53  Running with dbt=1.12.0-b1
[2026-05-24T16:35:54.133+0000] {subprocess.py:93} INFO - [0m16:35:54  Installing dbt-labs/dbt_utils
[2026-05-24T16:35:54.680+0000] {subprocess.py:93} INFO - [0m16:35:54  Installed from version 1.3.3
[2026-05-24T16:35:54.681+0000] {subprocess.py:93} INFO - [0m16:35:54  Up to date!
[2026-05-24T16:35:57.298+0000] {subprocess.py:93} INFO - [0m16:35:57  Running with dbt=1.12.0-b1
[2026-05-24T16:35:57.509+0000] {subprocess.py:93} INFO - [0m16:35:57  Registered adapter: postgres=1.10.0
[2026-05-24T16:35:57.680+0000] {subprocess.py:93} INFO - [0m16:35:57  Unable to do partial parsing because profile has changed
[2026-05-24T16:35:58.824+0000] {subprocess.py:93} INFO - [0m16:35:58  [[33mWARNING[0m][MissingArgumentsPropertyInGenericTestDeprecation]: Deprecated
[2026-05-24T16:35:58.824+0000] {subprocess.py:93} INFO - functionality
[2026-05-24T16:35:58.825+0000] {subprocess.py:93} INFO - Found top-level arguments to test `dbt_utils.accepted_range` defined on
[2026-05-24T16:35:58.825+0000] {subprocess.py:93} INFO - 'stg_berlin_mss' in package 'berlin_social_atlas' (models/schema.yml). Arguments
[2026-05-24T16:35:58.825+0000] {subprocess.py:93} INFO - to generic tests should be nested under the `arguments` property.
[2026-05-24T16:35:59.035+0000] {subprocess.py:93} INFO - [0m16:35:59  Found 2 models, 12 data tests, 591 macros
[2026-05-24T16:35:59.038+0000] {subprocess.py:93} INFO - [0m16:35:59
[2026-05-24T16:35:59.038+0000] {subprocess.py:93} INFO - [0m16:35:59  Concurrency: 2 threads (target='dev')
[2026-05-24T16:35:59.039+0000] {subprocess.py:93} INFO - [0m16:35:59
[2026-05-24T16:35:59.173+0000] {subprocess.py:93} INFO - [0m16:35:59  1 of 2 START sql view model staging.stg_berlin_mss ............................. [RUN]
[2026-05-24T16:35:59.263+0000] {subprocess.py:93} INFO - [0m16:35:59  1 of 2 OK created sql view model staging.stg_berlin_mss ........................ [[32mCREATE VIEW[0m in 0.09s]
[2026-05-24T16:35:59.265+0000] {subprocess.py:93} INFO - [0m16:35:59  2 of 2 START sql table model staging.mart_district_social_index ................ [RUN]
[2026-05-24T16:35:59.328+0000] {subprocess.py:93} INFO - [0m16:35:59  2 of 2 OK created sql table model staging.mart_district_social_index ........... [[32mSELECT 0[0m in 0.06s]
[2026-05-24T16:35:59.340+0000] {subprocess.py:93} INFO - [0m16:35:59
[2026-05-24T16:35:59.340+0000] {subprocess.py:93} INFO - [0m16:35:59  Finished running 1 table model, 1 view model in 0 hours 0 minutes and 0.30 seconds (0.30s).
[2026-05-24T16:35:59.392+0000] {subprocess.py:93} INFO - [0m16:35:59
[2026-05-24T16:35:59.393+0000] {subprocess.py:93} INFO - [0m16:35:59  [32mCompleted successfully[0m
[2026-05-24T16:35:59.393+0000] {subprocess.py:93} INFO - [0m16:35:59
[2026-05-24T16:35:59.394+0000] {subprocess.py:93} INFO - [0m16:35:59  Done. PASS=2 WARN=0 ERROR=0 SKIP=0 NO-OP=0 TOTAL=2
[2026-05-24T16:35:59.395+0000] {subprocess.py:93} INFO - [0m16:35:59  [[33mWARNING[0m][DeprecationsSummary]: Deprecated functionality
[2026-05-24T16:35:59.395+0000] {subprocess.py:93} INFO - Summary of encountered deprecations:
[2026-05-24T16:35:59.395+0000] {subprocess.py:93} INFO - - MissingArgumentsPropertyInGenericTestDeprecation: 3 occurrences
[2026-05-24T16:35:59.395+0000] {subprocess.py:93} INFO - To see all deprecation instances instead of just the first occurrence of each,
[2026-05-24T16:35:59.396+0000] {subprocess.py:93} INFO - run command again with the `--show-all-deprecations` flag. You may also need to
[2026-05-24T16:35:59.396+0000] {subprocess.py:93} INFO - run with `--no-partial-parse` as some deprecations are only encountered during
[2026-05-24T16:35:59.396+0000] {subprocess.py:93} INFO - parsing.
[2026-05-24T16:36:00.172+0000] {subprocess.py:97} INFO - Command exited with return code 0
[2026-05-24T16:36:00.173+0000] {taskinstance.py:441} INFO - ::group::Post task execution logs
[2026-05-24T16:36:00.196+0000] {taskinstance.py:1206} INFO - Marking task as SUCCESS. dag_id=berlin_social_atlas, task_id=dbt_run, run_id=manual__2026-05-24T16:35:47.025496+00:00, execution_date=20260524T163547, start_date=20260524T163551, end_date=20260524T163600
[2026-05-24T16:36:00.209+0000] {local_task_job_runner.py:240} INFO - Task exited with return code 0
[2026-05-24T16:36:00.229+0000] {taskinstance.py:3498} INFO - 1 downstream tasks scheduled from follow-on schedule check
[2026-05-24T16:36:00.230+0000] {local_task_job_runner.py:222} INFO - ::endgroup::
