[2026-05-24T16:29:26.080+0000] {local_task_job_runner.py:120} INFO - ::group::Pre task execution logs
[2026-05-24T16:29:26.109+0000] {taskinstance.py:2076} INFO - Dependencies all met for dep_context=non-requeueable deps ti=<TaskInstance: berlin_social_atlas.dbt_run manual__2026-05-24T16:29:21.449976+00:00 [queued]>
[2026-05-24T16:29:26.116+0000] {taskinstance.py:2076} INFO - Dependencies all met for dep_context=requeueable deps ti=<TaskInstance: berlin_social_atlas.dbt_run manual__2026-05-24T16:29:21.449976+00:00 [queued]>
[2026-05-24T16:29:26.118+0000] {taskinstance.py:2306} INFO - Starting attempt 1 of 3
[2026-05-24T16:29:26.131+0000] {taskinstance.py:2330} INFO - Executing <Task(BashOperator): dbt_run> on 2026-05-24 16:29:21.449976+00:00
[2026-05-24T16:29:26.137+0000] {logging_mixin.py:188} WARNING - /home/***/.local/lib/python3.12/site-packages/***/task/task_runner/standard_task_runner.py:61 DeprecationWarning: This process (pid=250) is multi-threaded, use of fork() may lead to deadlocks in the child.
[2026-05-24T16:29:26.137+0000] {standard_task_runner.py:63} INFO - Started process 253 to run task
[2026-05-24T16:29:26.137+0000] {standard_task_runner.py:90} INFO - Running: ['***', 'tasks', 'run', 'berlin_social_atlas', 'dbt_run', 'manual__2026-05-24T16:29:21.449976+00:00', '--job-id', '5', '--raw', '--subdir', 'DAGS_FOLDER/berlin_mss_pipeline.py', '--cfg-path', '/tmp/tmph8j28tw4']
[2026-05-24T16:29:26.138+0000] {standard_task_runner.py:91} INFO - Job 5: Subtask dbt_run
[2026-05-24T16:29:26.181+0000] {task_command.py:426} INFO - Running <TaskInstance: berlin_social_atlas.dbt_run manual__2026-05-24T16:29:21.449976+00:00 [running]> on host f33b7c2b37fa
[2026-05-24T16:29:26.254+0000] {taskinstance.py:2648} INFO - Exporting env vars: AIRFLOW_CTX_DAG_OWNER='***' AIRFLOW_CTX_DAG_ID='berlin_social_atlas' AIRFLOW_CTX_TASK_ID='dbt_run' AIRFLOW_CTX_EXECUTION_DATE='2026-05-24T16:29:21.449976+00:00' AIRFLOW_CTX_TRY_NUMBER='1' AIRFLOW_CTX_DAG_RUN_ID='manual__2026-05-24T16:29:21.449976+00:00'
[2026-05-24T16:29:26.255+0000] {taskinstance.py:430} INFO - ::endgroup::
[2026-05-24T16:29:26.264+0000] {subprocess.py:63} INFO - Tmp dir root location: /tmp
[2026-05-24T16:29:26.265+0000] {subprocess.py:75} INFO - Running command: ['/usr/bin/bash', '-c', 'cd /opt/***/dbt && dbt run --profiles-dir .']
[2026-05-24T16:29:26.270+0000] {subprocess.py:86} INFO - Output:
[2026-05-24T16:29:29.072+0000] {subprocess.py:93} INFO - [0m16:29:29  Running with dbt=1.12.0-b1
[2026-05-24T16:29:29.394+0000] {subprocess.py:93} INFO - [0m16:29:29  Registered adapter: postgres=1.10.0
[2026-05-24T16:29:29.459+0000] {subprocess.py:93} INFO - [0m16:29:29  [[31mERROR[0m]: Encountered an error:
[2026-05-24T16:29:29.459+0000] {subprocess.py:93} INFO - Compilation Error
[2026-05-24T16:29:29.460+0000] {subprocess.py:93} INFO -   dbt expects 1 package(s) based on packages specified in packages.yml, but found only 0 package(s) installed in dbt_packages. Run "dbt deps" to install package dependencies.
[2026-05-24T16:29:30.310+0000] {subprocess.py:97} INFO - Command exited with return code 2
[2026-05-24T16:29:30.311+0000] {taskinstance.py:441} INFO - ::group::Post task execution logs
[2026-05-24T16:29:30.325+0000] {taskinstance.py:2905} ERROR - Task failed with exception
Traceback (most recent call last):
  File "/home/airflow/.local/lib/python3.12/site-packages/airflow/models/taskinstance.py", line 465, in _execute_task
    result = _execute_callable(context=context, **execute_callable_kwargs)
             ^^^^^^^^^^^^^^^^^^^^^^^^^^^^^^^^^^^^^^^^^^^^^^^^^^^^^^^^^^^^^
  File "/home/airflow/.local/lib/python3.12/site-packages/airflow/models/taskinstance.py", line 432, in _execute_callable
    return execute_callable(context=context, **execute_callable_kwargs)
           ^^^^^^^^^^^^^^^^^^^^^^^^^^^^^^^^^^^^^^^^^^^^^^^^^^^^^^^^^^^^
  File "/home/airflow/.local/lib/python3.12/site-packages/airflow/models/baseoperator.py", line 400, in wrapper
    return func(self, *args, **kwargs)
           ^^^^^^^^^^^^^^^^^^^^^^^^^^^
  File "/home/airflow/.local/lib/python3.12/site-packages/airflow/operators/bash.py", line 243, in execute
    raise AirflowException(
airflow.exceptions.AirflowException: Bash command failed. The command returned a non-zero exit code 2.
[2026-05-24T16:29:30.331+0000] {taskinstance.py:1206} INFO - Marking task as UP_FOR_RETRY. dag_id=berlin_social_atlas, task_id=dbt_run, run_id=manual__2026-05-24T16:29:21.449976+00:00, execution_date=20260524T162921, start_date=20260524T162926, end_date=20260524T162930
[2026-05-24T16:29:30.341+0000] {standard_task_runner.py:110} ERROR - Failed to execute job 5 for task dbt_run (Bash command failed. The command returned a non-zero exit code 2.; 253)
[2026-05-24T16:29:30.367+0000] {local_task_job_runner.py:240} INFO - Task exited with return code 1
[2026-05-24T16:29:30.389+0000] {taskinstance.py:3498} INFO - 0 downstream tasks scheduled from follow-on schedule check
[2026-05-24T16:29:30.391+0000] {local_task_job_runner.py:222} INFO - ::endgroup::
