[2026-05-24T16:34:30.852+0000] {local_task_job_runner.py:120} INFO - ::group::Pre task execution logs
[2026-05-24T16:34:30.890+0000] {taskinstance.py:2076} INFO - Dependencies all met for dep_context=non-requeueable deps ti=<TaskInstance: berlin_social_atlas.dbt_run manual__2026-05-24T16:29:21.449976+00:00 [queued]>
[2026-05-24T16:34:30.897+0000] {taskinstance.py:2076} INFO - Dependencies all met for dep_context=requeueable deps ti=<TaskInstance: berlin_social_atlas.dbt_run manual__2026-05-24T16:29:21.449976+00:00 [queued]>
[2026-05-24T16:34:30.898+0000] {taskinstance.py:2306} INFO - Starting attempt 2 of 3
[2026-05-24T16:34:30.910+0000] {taskinstance.py:2330} INFO - Executing <Task(BashOperator): dbt_run> on 2026-05-24 16:29:21.449976+00:00
[2026-05-24T16:34:30.916+0000] {standard_task_runner.py:90} INFO - Running: ['***', 'tasks', 'run', 'berlin_social_atlas', 'dbt_run', 'manual__2026-05-24T16:29:21.449976+00:00', '--job-id', '8', '--raw', '--subdir', 'DAGS_FOLDER/berlin_mss_pipeline.py', '--cfg-path', '/tmp/tmpwumze116']
[2026-05-24T16:34:30.918+0000] {logging_mixin.py:188} WARNING - /home/***/.local/lib/python3.12/site-packages/***/task/task_runner/standard_task_runner.py:61 DeprecationWarning: This process (pid=333) is multi-threaded, use of fork() may lead to deadlocks in the child.
[2026-05-24T16:34:30.919+0000] {standard_task_runner.py:91} INFO - Job 8: Subtask dbt_run
[2026-05-24T16:34:30.919+0000] {standard_task_runner.py:63} INFO - Started process 335 to run task
[2026-05-24T16:34:30.973+0000] {task_command.py:426} INFO - Running <TaskInstance: berlin_social_atlas.dbt_run manual__2026-05-24T16:29:21.449976+00:00 [running]> on host f33b7c2b37fa
[2026-05-24T16:34:31.069+0000] {taskinstance.py:2648} INFO - Exporting env vars: AIRFLOW_CTX_DAG_OWNER='***' AIRFLOW_CTX_DAG_ID='berlin_social_atlas' AIRFLOW_CTX_TASK_ID='dbt_run' AIRFLOW_CTX_EXECUTION_DATE='2026-05-24T16:29:21.449976+00:00' AIRFLOW_CTX_TRY_NUMBER='2' AIRFLOW_CTX_DAG_RUN_ID='manual__2026-05-24T16:29:21.449976+00:00'
[2026-05-24T16:34:31.071+0000] {taskinstance.py:430} INFO - ::endgroup::
[2026-05-24T16:34:31.088+0000] {subprocess.py:63} INFO - Tmp dir root location: /tmp
[2026-05-24T16:34:31.089+0000] {subprocess.py:75} INFO - Running command: ['/usr/bin/bash', '-c', 'cd /opt/***/dbt && dbt deps --profiles-dir . && dbt run --profiles-dir .']
[2026-05-24T16:34:31.097+0000] {subprocess.py:86} INFO - Output:
[2026-05-24T16:34:33.487+0000] {subprocess.py:93} INFO - [0m16:34:33  Running with dbt=1.12.0-b1
[2026-05-24T16:34:33.727+0000] {subprocess.py:93} INFO - [0m16:34:33  [[31mERROR[0m]: Encountered an error:
[2026-05-24T16:34:33.728+0000] {subprocess.py:93} INFO - [Errno 2] No such file or directory: 'run_functional_test.sh'
[2026-05-24T16:34:33.732+0000] {subprocess.py:93} INFO - [0m16:34:33  Traceback (most recent call last):
[2026-05-24T16:34:33.732+0000] {subprocess.py:93} INFO -   File "/home/***/.local/lib/python3.12/site-packages/dbt/cli/requires.py", line 184, in wrapper
[2026-05-24T16:34:33.733+0000] {subprocess.py:93} INFO -     result, success = func(*args, **kwargs)
[2026-05-24T16:34:33.733+0000] {subprocess.py:93} INFO -                       ^^^^^^^^^^^^^^^^^^^^^
[2026-05-24T16:34:33.734+0000] {subprocess.py:93} INFO -   File "/home/***/.local/lib/python3.12/site-packages/dbt/cli/requires.py", line 130, in wrapper
[2026-05-24T16:34:33.734+0000] {subprocess.py:93} INFO -     return func(*args, **kwargs)
[2026-05-24T16:34:33.735+0000] {subprocess.py:93} INFO -            ^^^^^^^^^^^^^^^^^^^^^
[2026-05-24T16:34:33.735+0000] {subprocess.py:93} INFO -   File "/home/***/.local/lib/python3.12/site-packages/dbt/cli/requires.py", line 263, in wrapper
[2026-05-24T16:34:33.735+0000] {subprocess.py:93} INFO -     return func(*args, **kwargs)
[2026-05-24T16:34:33.736+0000] {subprocess.py:93} INFO -            ^^^^^^^^^^^^^^^^^^^^^
[2026-05-24T16:34:33.737+0000] {subprocess.py:93} INFO -   File "/home/***/.local/lib/python3.12/site-packages/dbt/cli/requires.py", line 326, in wrapper
[2026-05-24T16:34:33.738+0000] {subprocess.py:93} INFO -     return func(*args, **kwargs)
[2026-05-24T16:34:33.738+0000] {subprocess.py:93} INFO -            ^^^^^^^^^^^^^^^^^^^^^
[2026-05-24T16:34:33.739+0000] {subprocess.py:93} INFO -   File "/home/***/.local/lib/python3.12/site-packages/dbt/cli/main.py", line 476, in deps
[2026-05-24T16:34:33.739+0000] {subprocess.py:93} INFO -     results = task.run()
[2026-05-24T16:34:33.740+0000] {subprocess.py:93} INFO -               ^^^^^^^^^^
[2026-05-24T16:34:33.740+0000] {subprocess.py:93} INFO -   File "/home/***/.local/lib/python3.12/site-packages/dbt/task/deps.py", line 305, in run
[2026-05-24T16:34:33.741+0000] {subprocess.py:93} INFO -     system.rmtree(self.project.packages_install_path)
[2026-05-24T16:34:33.741+0000] {subprocess.py:93} INFO -   File "/home/***/.local/lib/python3.12/site-packages/dbt_common/clients/system.py", line 729, in rmtree
[2026-05-24T16:34:33.742+0000] {subprocess.py:93} INFO -     return shutil.rmtree(path, onerror=chmod_and_retry)
[2026-05-24T16:34:33.742+0000] {subprocess.py:93} INFO -            ^^^^^^^^^^^^^^^^^^^^^^^^^^^^^^^^^^^^^^^^^^^^
[2026-05-24T16:34:33.742+0000] {subprocess.py:93} INFO -   File "/usr/local/lib/python3.12/shutil.py", line 785, in rmtree
[2026-05-24T16:34:33.742+0000] {subprocess.py:93} INFO -     _rmtree_safe_fd(fd, path, onexc)
[2026-05-24T16:34:33.743+0000] {subprocess.py:93} INFO -   File "/usr/local/lib/python3.12/shutil.py", line 686, in _rmtree_safe_fd
[2026-05-24T16:34:33.743+0000] {subprocess.py:93} INFO -     _rmtree_safe_fd(dirfd, fullname, onexc)
[2026-05-24T16:34:33.744+0000] {subprocess.py:93} INFO -   File "/usr/local/lib/python3.12/shutil.py", line 717, in _rmtree_safe_fd
[2026-05-24T16:34:33.744+0000] {subprocess.py:93} INFO -     onexc(os.unlink, fullname, err)
[2026-05-24T16:34:33.745+0000] {subprocess.py:93} INFO -   File "/usr/local/lib/python3.12/shutil.py", line 764, in onexc
[2026-05-24T16:34:33.745+0000] {subprocess.py:93} INFO -     return onerror(func, path, exc_info)
[2026-05-24T16:34:33.746+0000] {subprocess.py:93} INFO -            ^^^^^^^^^^^^^^^^^^^^^^^^^^^^^
[2026-05-24T16:34:33.747+0000] {subprocess.py:93} INFO -   File "/usr/local/lib/python3.12/shutil.py", line 715, in _rmtree_safe_fd
[2026-05-24T16:34:33.748+0000] {subprocess.py:93} INFO -     os.unlink(entry.name, dir_fd=topfd)
[2026-05-24T16:34:33.749+0000] {subprocess.py:93} INFO - FileNotFoundError: [Errno 2] No such file or directory: 'run_functional_test.sh'
[2026-05-24T16:34:33.750+0000] {subprocess.py:93} INFO - 
[2026-05-24T16:34:34.519+0000] {subprocess.py:97} INFO - Command exited with return code 2
[2026-05-24T16:34:34.520+0000] {taskinstance.py:441} INFO - ::group::Post task execution logs
[2026-05-24T16:34:34.535+0000] {taskinstance.py:2905} ERROR - Task failed with exception
Traceback (most recent call last):
  File "/home/airflow/.local/lib/python3.12/site-packages/airflow/models/taskinstance.py", line 465, in _execute_task
    result = _execute_callable(context=context, **execute_callable_kwargs)
             ^^^^^^^^^^^^^^^^^^^^^^^^^^^^^^^^^^^^^^^^^^^^^^^^^^^^^^^^^^^^^
  File "/home/airflow/.local/lib/python3.12/site-packages/airflow/models/taskinstance.py", line 432, in _execute_callable
    return execute_callable(context=context, **execute_callable_kwargs)
           ^^^^^^^^^^^^^^^^^^^^^^^^^^^^^^^^^^^^^^^^^^^^^^^^^^^^^^^^^^^^
  File "/home/airflow/.local/lib/python3.12/site-packages/airflow/models/baseoperator.py", line 400, in wrapper
    return func(self, *args, **kwargs)
           ^^^^^^^^^^^^^^^^^^^^^^^^^^^
  File "/home/airflow/.local/lib/python3.12/site-packages/airflow/operators/bash.py", line 243, in execute
    raise AirflowException(
airflow.exceptions.AirflowException: Bash command failed. The command returned a non-zero exit code 2.
[2026-05-24T16:34:34.540+0000] {taskinstance.py:1206} INFO - Marking task as UP_FOR_RETRY. dag_id=berlin_social_atlas, task_id=dbt_run, run_id=manual__2026-05-24T16:29:21.449976+00:00, execution_date=20260524T162921, start_date=20260524T163430, end_date=20260524T163434
[2026-05-24T16:34:34.555+0000] {standard_task_runner.py:110} ERROR - Failed to execute job 8 for task dbt_run (Bash command failed. The command returned a non-zero exit code 2.; 335)
[2026-05-24T16:34:34.583+0000] {local_task_job_runner.py:240} INFO - Task exited with return code 1
[2026-05-24T16:34:34.613+0000] {taskinstance.py:3498} INFO - 0 downstream tasks scheduled from follow-on schedule check
[2026-05-24T16:34:34.615+0000] {local_task_job_runner.py:222} INFO - ::endgroup::
