[2026-05-24T15:58:10.045+0000] {local_task_job_runner.py:120} INFO - ::group::Pre task execution logs
[2026-05-24T15:58:10.124+0000] {taskinstance.py:2076} INFO - Dependencies all met for dep_context=non-requeueable deps ti=<TaskInstance: berlin_social_atlas.ingest_berlin_mss scheduled__2025-01-01T06:00:00+00:00 [queued]>
[2026-05-24T15:58:10.143+0000] {taskinstance.py:2076} INFO - Dependencies all met for dep_context=requeueable deps ti=<TaskInstance: berlin_social_atlas.ingest_berlin_mss scheduled__2025-01-01T06:00:00+00:00 [queued]>
[2026-05-24T15:58:10.146+0000] {taskinstance.py:2306} INFO - Starting attempt 1 of 3
[2026-05-24T15:58:10.180+0000] {taskinstance.py:2330} INFO - Executing <Task(PythonOperator): ingest_berlin_mss> on 2025-01-01 06:00:00+00:00
[2026-05-24T15:58:10.190+0000] {standard_task_runner.py:90} INFO - Running: ['***', 'tasks', 'run', 'berlin_social_atlas', 'ingest_berlin_mss', 'scheduled__2025-01-01T06:00:00+00:00', '--job-id', '3', '--raw', '--subdir', 'DAGS_FOLDER/berlin_mss_pipeline.py', '--cfg-path', '/tmp/tmplr2ygu7o']
[2026-05-24T15:58:10.194+0000] {standard_task_runner.py:91} INFO - Job 3: Subtask ingest_berlin_mss
[2026-05-24T15:58:10.192+0000] {logging_mixin.py:188} WARNING - /home/***/.local/lib/python3.12/site-packages/***/task/task_runner/standard_task_runner.py:61 DeprecationWarning: This process (pid=285) is multi-threaded, use of fork() may lead to deadlocks in the child.
[2026-05-24T15:58:10.198+0000] {standard_task_runner.py:63} INFO - Started process 286 to run task
[2026-05-24T15:58:10.293+0000] {task_command.py:426} INFO - Running <TaskInstance: berlin_social_atlas.ingest_berlin_mss scheduled__2025-01-01T06:00:00+00:00 [running]> on host 37cfe4649e81
[2026-05-24T15:58:10.406+0000] {taskinstance.py:2648} INFO - Exporting env vars: AIRFLOW_CTX_DAG_OWNER='***' AIRFLOW_CTX_DAG_ID='berlin_social_atlas' AIRFLOW_CTX_TASK_ID='ingest_berlin_mss' AIRFLOW_CTX_EXECUTION_DATE='2025-01-01T06:00:00+00:00' AIRFLOW_CTX_TRY_NUMBER='1' AIRFLOW_CTX_DAG_RUN_ID='scheduled__2025-01-01T06:00:00+00:00'
[2026-05-24T15:58:10.409+0000] {taskinstance.py:430} INFO - ::endgroup::
[2026-05-24T15:58:10.439+0000] {fetch_berlin_mss.py:54} INFO - Fetching WFS: https://gdi.berlin.de/services/wfs/mss_2025
[2026-05-24T15:58:12.337+0000] {fetch_berlin_mss.py:68} INFO - Parsing 542 features
[2026-05-24T15:58:12.595+0000] {fetch_berlin_mss.py:111} INFO - Cleared existing year=2025 records
[2026-05-24T15:58:13.000+0000] {fetch_berlin_mss.py:147} INFO - Loaded 542 records into raw.berlin_mss
[2026-05-24T15:58:13.001+0000] {fetch_berlin_mss.py:156} INFO - Ingestion complete.
[2026-05-24T15:58:13.012+0000] {python.py:237} INFO - Done. Returned value was: None
[2026-05-24T15:58:13.012+0000] {taskinstance.py:441} INFO - ::group::Post task execution logs
[2026-05-24T15:58:13.022+0000] {taskinstance.py:1206} INFO - Marking task as SUCCESS. dag_id=berlin_social_atlas, task_id=ingest_berlin_mss, run_id=scheduled__2025-01-01T06:00:00+00:00, execution_date=20250101T060000, start_date=20260524T155810, end_date=20260524T155813
[2026-05-24T15:58:13.050+0000] {local_task_job_runner.py:240} INFO - Task exited with return code 0
[2026-05-24T15:58:13.071+0000] {taskinstance.py:3498} INFO - 1 downstream tasks scheduled from follow-on schedule check
[2026-05-24T15:58:13.072+0000] {local_task_job_runner.py:222} INFO - ::endgroup::
[2026-05-24T16:05:32.251+0000] {local_task_job_runner.py:120} INFO - ::group::Pre task execution logs
[2026-05-24T16:05:32.289+0000] {taskinstance.py:2076} INFO - Dependencies all met for dep_context=non-requeueable deps ti=<TaskInstance: berlin_social_atlas.ingest_berlin_mss scheduled__2025-01-01T06:00:00+00:00 [queued]>
[2026-05-24T16:05:32.299+0000] {taskinstance.py:2076} INFO - Dependencies all met for dep_context=requeueable deps ti=<TaskInstance: berlin_social_atlas.ingest_berlin_mss scheduled__2025-01-01T06:00:00+00:00 [queued]>
[2026-05-24T16:05:32.300+0000] {taskinstance.py:2306} INFO - Starting attempt 1 of 3
[2026-05-24T16:05:32.310+0000] {taskinstance.py:2330} INFO - Executing <Task(PythonOperator): ingest_berlin_mss> on 2025-01-01 06:00:00+00:00
[2026-05-24T16:05:32.320+0000] {logging_mixin.py:188} WARNING - /home/***/.local/lib/python3.12/site-packages/***/task/task_runner/standard_task_runner.py:61 DeprecationWarning: This process (pid=195) is multi-threaded, use of fork() may lead to deadlocks in the child.
[2026-05-24T16:05:32.319+0000] {standard_task_runner.py:90} INFO - Running: ['***', 'tasks', 'run', 'berlin_social_atlas', 'ingest_berlin_mss', 'scheduled__2025-01-01T06:00:00+00:00', '--job-id', '3', '--raw', '--subdir', 'DAGS_FOLDER/berlin_mss_pipeline.py', '--cfg-path', '/tmp/tmpgqwu8xyh']
[2026-05-24T16:05:32.322+0000] {standard_task_runner.py:63} INFO - Started process 196 to run task
[2026-05-24T16:05:32.322+0000] {standard_task_runner.py:91} INFO - Job 3: Subtask ingest_berlin_mss
[2026-05-24T16:05:32.380+0000] {task_command.py:426} INFO - Running <TaskInstance: berlin_social_atlas.ingest_berlin_mss scheduled__2025-01-01T06:00:00+00:00 [running]> on host b116661fb8f9
[2026-05-24T16:05:32.460+0000] {taskinstance.py:2648} INFO - Exporting env vars: AIRFLOW_CTX_DAG_OWNER='***' AIRFLOW_CTX_DAG_ID='berlin_social_atlas' AIRFLOW_CTX_TASK_ID='ingest_berlin_mss' AIRFLOW_CTX_EXECUTION_DATE='2025-01-01T06:00:00+00:00' AIRFLOW_CTX_TRY_NUMBER='1' AIRFLOW_CTX_DAG_RUN_ID='scheduled__2025-01-01T06:00:00+00:00'
[2026-05-24T16:05:32.461+0000] {taskinstance.py:430} INFO - ::endgroup::
[2026-05-24T16:05:32.485+0000] {fetch_berlin_mss.py:54} INFO - Fetching WFS: https://gdi.berlin.de/services/wfs/mss_2025
[2026-05-24T16:05:34.354+0000] {fetch_berlin_mss.py:68} INFO - Parsing 542 features
[2026-05-24T16:05:34.619+0000] {fetch_berlin_mss.py:111} INFO - Cleared existing year=2025 records
[2026-05-24T16:05:35.069+0000] {fetch_berlin_mss.py:147} INFO - Loaded 542 records into raw.berlin_mss
[2026-05-24T16:05:35.070+0000] {fetch_berlin_mss.py:156} INFO - Ingestion complete.
[2026-05-24T16:05:35.082+0000] {python.py:237} INFO - Done. Returned value was: None
[2026-05-24T16:05:35.082+0000] {taskinstance.py:441} INFO - ::group::Post task execution logs
[2026-05-24T16:05:35.095+0000] {taskinstance.py:1206} INFO - Marking task as SUCCESS. dag_id=berlin_social_atlas, task_id=ingest_berlin_mss, run_id=scheduled__2025-01-01T06:00:00+00:00, execution_date=20250101T060000, start_date=20260524T160532, end_date=20260524T160535
[2026-05-24T16:05:35.130+0000] {local_task_job_runner.py:240} INFO - Task exited with return code 0
[2026-05-24T16:05:35.150+0000] {taskinstance.py:3498} INFO - 1 downstream tasks scheduled from follow-on schedule check
[2026-05-24T16:05:35.151+0000] {local_task_job_runner.py:222} INFO - ::endgroup::
[2026-05-24T16:29:22.605+0000] {local_task_job_runner.py:120} INFO - ::group::Pre task execution logs
[2026-05-24T16:29:22.692+0000] {taskinstance.py:2076} INFO - Dependencies all met for dep_context=non-requeueable deps ti=<TaskInstance: berlin_social_atlas.ingest_berlin_mss scheduled__2025-01-01T06:00:00+00:00 [queued]>
[2026-05-24T16:29:22.711+0000] {taskinstance.py:2076} INFO - Dependencies all met for dep_context=requeueable deps ti=<TaskInstance: berlin_social_atlas.ingest_berlin_mss scheduled__2025-01-01T06:00:00+00:00 [queued]>
[2026-05-24T16:29:22.714+0000] {taskinstance.py:2306} INFO - Starting attempt 1 of 3
[2026-05-24T16:29:22.748+0000] {taskinstance.py:2330} INFO - Executing <Task(PythonOperator): ingest_berlin_mss> on 2025-01-01 06:00:00+00:00
[2026-05-24T16:29:22.777+0000] {logging_mixin.py:188} WARNING - /home/***/.local/lib/python3.12/site-packages/***/task/task_runner/standard_task_runner.py:61 DeprecationWarning: This process (pid=247) is multi-threaded, use of fork() may lead to deadlocks in the child.
[2026-05-24T16:29:22.779+0000] {standard_task_runner.py:63} INFO - Started process 249 to run task
[2026-05-24T16:29:22.779+0000] {standard_task_runner.py:90} INFO - Running: ['***', 'tasks', 'run', 'berlin_social_atlas', 'ingest_berlin_mss', 'scheduled__2025-01-01T06:00:00+00:00', '--job-id', '3', '--raw', '--subdir', 'DAGS_FOLDER/berlin_mss_pipeline.py', '--cfg-path', '/tmp/tmp5ux3krxu']
[2026-05-24T16:29:22.784+0000] {standard_task_runner.py:91} INFO - Job 3: Subtask ingest_berlin_mss
[2026-05-24T16:29:22.906+0000] {task_command.py:426} INFO - Running <TaskInstance: berlin_social_atlas.ingest_berlin_mss scheduled__2025-01-01T06:00:00+00:00 [running]> on host f33b7c2b37fa
[2026-05-24T16:29:23.083+0000] {taskinstance.py:2648} INFO - Exporting env vars: AIRFLOW_CTX_DAG_OWNER='***' AIRFLOW_CTX_DAG_ID='berlin_social_atlas' AIRFLOW_CTX_TASK_ID='ingest_berlin_mss' AIRFLOW_CTX_EXECUTION_DATE='2025-01-01T06:00:00+00:00' AIRFLOW_CTX_TRY_NUMBER='1' AIRFLOW_CTX_DAG_RUN_ID='scheduled__2025-01-01T06:00:00+00:00'
[2026-05-24T16:29:23.085+0000] {taskinstance.py:430} INFO - ::endgroup::
[2026-05-24T16:29:23.141+0000] {fetch_berlin_mss.py:54} INFO - Fetching WFS: https://gdi.berlin.de/services/wfs/mss_2025
[2026-05-24T16:29:24.370+0000] {fetch_berlin_mss.py:68} INFO - Parsing 542 features
[2026-05-24T16:29:24.641+0000] {fetch_berlin_mss.py:111} INFO - Cleared existing year=2025 records
[2026-05-24T16:29:25.275+0000] {fetch_berlin_mss.py:147} INFO - Loaded 542 records into raw.berlin_mss
[2026-05-24T16:29:25.277+0000] {fetch_berlin_mss.py:156} INFO - Ingestion complete.
[2026-05-24T16:29:25.292+0000] {python.py:237} INFO - Done. Returned value was: None
[2026-05-24T16:29:25.293+0000] {taskinstance.py:441} INFO - ::group::Post task execution logs
[2026-05-24T16:29:25.309+0000] {taskinstance.py:1206} INFO - Marking task as SUCCESS. dag_id=berlin_social_atlas, task_id=ingest_berlin_mss, run_id=scheduled__2025-01-01T06:00:00+00:00, execution_date=20250101T060000, start_date=20260524T162922, end_date=20260524T162925
[2026-05-24T16:29:25.422+0000] {local_task_job_runner.py:240} INFO - Task exited with return code 0
[2026-05-24T16:29:25.537+0000] {taskinstance.py:3498} INFO - 1 downstream tasks scheduled from follow-on schedule check
[2026-05-24T16:29:25.539+0000] {local_task_job_runner.py:222} INFO - ::endgroup::
