[2026-05-24T16:32:46.061+0000] {local_task_job_runner.py:120} INFO - ::group::Pre task execution logs
[2026-05-24T16:32:46.114+0000] {taskinstance.py:2076} INFO - Dependencies all met for dep_context=non-requeueable deps ti=<TaskInstance: berlin_social_atlas.ingest_berlin_mss manual__2026-05-24T16:32:45.299292+00:00 [queued]>
[2026-05-24T16:32:46.123+0000] {taskinstance.py:2076} INFO - Dependencies all met for dep_context=requeueable deps ti=<TaskInstance: berlin_social_atlas.ingest_berlin_mss manual__2026-05-24T16:32:45.299292+00:00 [queued]>
[2026-05-24T16:32:46.124+0000] {taskinstance.py:2306} INFO - Starting attempt 1 of 3
[2026-05-24T16:32:46.137+0000] {taskinstance.py:2330} INFO - Executing <Task(PythonOperator): ingest_berlin_mss> on 2026-05-24 16:32:45.299292+00:00
[2026-05-24T16:32:46.145+0000] {logging_mixin.py:188} WARNING - /home/***/.local/lib/python3.12/site-packages/***/task/task_runner/standard_task_runner.py:61 DeprecationWarning: This process (pid=295) is multi-threaded, use of fork() may lead to deadlocks in the child.
[2026-05-24T16:32:46.146+0000] {standard_task_runner.py:63} INFO - Started process 296 to run task
[2026-05-24T16:32:46.145+0000] {standard_task_runner.py:90} INFO - Running: ['***', 'tasks', 'run', 'berlin_social_atlas', 'ingest_berlin_mss', 'manual__2026-05-24T16:32:45.299292+00:00', '--job-id', '6', '--raw', '--subdir', 'DAGS_FOLDER/berlin_mss_pipeline.py', '--cfg-path', '/tmp/tmpiao4zw_u']
[2026-05-24T16:32:46.148+0000] {standard_task_runner.py:91} INFO - Job 6: Subtask ingest_berlin_mss
[2026-05-24T16:32:46.207+0000] {task_command.py:426} INFO - Running <TaskInstance: berlin_social_atlas.ingest_berlin_mss manual__2026-05-24T16:32:45.299292+00:00 [running]> on host f33b7c2b37fa
[2026-05-24T16:32:46.302+0000] {taskinstance.py:2648} INFO - Exporting env vars: AIRFLOW_CTX_DAG_OWNER='***' AIRFLOW_CTX_DAG_ID='berlin_social_atlas' AIRFLOW_CTX_TASK_ID='ingest_berlin_mss' AIRFLOW_CTX_EXECUTION_DATE='2026-05-24T16:32:45.299292+00:00' AIRFLOW_CTX_TRY_NUMBER='1' AIRFLOW_CTX_DAG_RUN_ID='manual__2026-05-24T16:32:45.299292+00:00'
[2026-05-24T16:32:46.302+0000] {taskinstance.py:430} INFO - ::endgroup::
[2026-05-24T16:32:46.315+0000] {fetch_berlin_mss.py:54} INFO - Fetching WFS: https://gdi.berlin.de/services/wfs/mss_2025
[2026-05-24T16:32:48.264+0000] {fetch_berlin_mss.py:68} INFO - Parsing 542 features
[2026-05-24T16:32:48.540+0000] {fetch_berlin_mss.py:111} INFO - Cleared existing year=2025 records
[2026-05-24T16:32:48.962+0000] {fetch_berlin_mss.py:147} INFO - Loaded 542 records into raw.berlin_mss
[2026-05-24T16:32:48.962+0000] {fetch_berlin_mss.py:156} INFO - Ingestion complete.
[2026-05-24T16:32:48.972+0000] {python.py:237} INFO - Done. Returned value was: None
[2026-05-24T16:32:48.973+0000] {taskinstance.py:441} INFO - ::group::Post task execution logs
[2026-05-24T16:32:48.984+0000] {taskinstance.py:1206} INFO - Marking task as SUCCESS. dag_id=berlin_social_atlas, task_id=ingest_berlin_mss, run_id=manual__2026-05-24T16:32:45.299292+00:00, execution_date=20260524T163245, start_date=20260524T163246, end_date=20260524T163248
[2026-05-24T16:32:49.016+0000] {local_task_job_runner.py:240} INFO - Task exited with return code 0
[2026-05-24T16:32:49.039+0000] {taskinstance.py:3498} INFO - 1 downstream tasks scheduled from follow-on schedule check
[2026-05-24T16:32:49.040+0000] {local_task_job_runner.py:222} INFO - ::endgroup::
