[2026-05-25T16:41:03.066+0000] {local_task_job_runner.py:120} INFO - ::group::Pre task execution logs
[2026-05-25T16:41:03.087+0000] {taskinstance.py:2076} INFO - Dependencies all met for dep_context=non-requeueable deps ti=<TaskInstance: berlin_social_atlas.ingest_berlin_mss manual__2026-05-25T16:41:02.074308+00:00 [queued]>
[2026-05-25T16:41:03.092+0000] {taskinstance.py:2076} INFO - Dependencies all met for dep_context=requeueable deps ti=<TaskInstance: berlin_social_atlas.ingest_berlin_mss manual__2026-05-25T16:41:02.074308+00:00 [queued]>
[2026-05-25T16:41:03.092+0000] {taskinstance.py:2306} INFO - Starting attempt 1 of 3
[2026-05-25T16:41:03.097+0000] {taskinstance.py:2330} INFO - Executing <Task(PythonOperator): ingest_berlin_mss> on 2026-05-25 16:41:02.074308+00:00
[2026-05-25T16:41:03.104+0000] {logging_mixin.py:188} WARNING - /home/***/.local/lib/python3.12/site-packages/***/task/task_runner/standard_task_runner.py:61 DeprecationWarning: This process (pid=1693) is multi-threaded, use of fork() may lead to deadlocks in the child.
[2026-05-25T16:41:03.101+0000] {standard_task_runner.py:90} INFO - Running: ['***', 'tasks', 'run', 'berlin_social_atlas', 'ingest_berlin_mss', 'manual__2026-05-25T16:41:02.074308+00:00', '--job-id', '18', '--raw', '--subdir', 'DAGS_FOLDER/berlin_mss_pipeline.py', '--cfg-path', '/tmp/tmporwv6f6s']
[2026-05-25T16:41:03.108+0000] {standard_task_runner.py:91} INFO - Job 18: Subtask ingest_berlin_mss
[2026-05-25T16:41:03.107+0000] {standard_task_runner.py:63} INFO - Started process 1694 to run task
[2026-05-25T16:41:03.148+0000] {task_command.py:426} INFO - Running <TaskInstance: berlin_social_atlas.ingest_berlin_mss manual__2026-05-25T16:41:02.074308+00:00 [running]> on host f33b7c2b37fa
[2026-05-25T16:41:03.198+0000] {taskinstance.py:2648} INFO - Exporting env vars: AIRFLOW_CTX_DAG_OWNER='***' AIRFLOW_CTX_DAG_ID='berlin_social_atlas' AIRFLOW_CTX_TASK_ID='ingest_berlin_mss' AIRFLOW_CTX_EXECUTION_DATE='2026-05-25T16:41:02.074308+00:00' AIRFLOW_CTX_TRY_NUMBER='1' AIRFLOW_CTX_DAG_RUN_ID='manual__2026-05-25T16:41:02.074308+00:00'
[2026-05-25T16:41:03.198+0000] {taskinstance.py:430} INFO - ::endgroup::
[2026-05-25T16:41:03.207+0000] {fetch_berlin_mss.py:54} INFO - Fetching WFS: https://gdi.berlin.de/services/wfs/mss_2025
[2026-05-25T16:41:05.310+0000] {fetch_berlin_mss.py:68} INFO - Parsing 542 features
[2026-05-25T16:41:05.490+0000] {fetch_berlin_mss.py:111} INFO - Cleared existing year=2025 records
[2026-05-25T16:41:05.767+0000] {fetch_berlin_mss.py:147} INFO - Loaded 542 records into raw.berlin_mss
[2026-05-25T16:41:05.768+0000] {fetch_berlin_mss.py:156} INFO - Ingestion complete.
[2026-05-25T16:41:05.775+0000] {python.py:237} INFO - Done. Returned value was: None
[2026-05-25T16:41:05.775+0000] {taskinstance.py:441} INFO - ::group::Post task execution logs
[2026-05-25T16:41:05.783+0000] {taskinstance.py:1206} INFO - Marking task as SUCCESS. dag_id=berlin_social_atlas, task_id=ingest_berlin_mss, run_id=manual__2026-05-25T16:41:02.074308+00:00, execution_date=20260525T164102, start_date=20260525T164103, end_date=20260525T164105
[2026-05-25T16:41:05.808+0000] {local_task_job_runner.py:240} INFO - Task exited with return code 0
[2026-05-25T16:41:05.824+0000] {taskinstance.py:3498} INFO - 1 downstream tasks scheduled from follow-on schedule check
[2026-05-25T16:41:05.825+0000] {local_task_job_runner.py:222} INFO - ::endgroup::
