[2026-05-25T16:41:06.049+0000] {local_task_job_runner.py:120} INFO - ::group::Pre task execution logs
[2026-05-25T16:41:06.064+0000] {taskinstance.py:2076} INFO - Dependencies all met for dep_context=non-requeueable deps ti=<TaskInstance: berlin_social_atlas.dbt_run manual__2026-05-25T16:41:02.074308+00:00 [queued]>
[2026-05-25T16:41:06.067+0000] {taskinstance.py:2076} INFO - Dependencies all met for dep_context=requeueable deps ti=<TaskInstance: berlin_social_atlas.dbt_run manual__2026-05-25T16:41:02.074308+00:00 [queued]>
[2026-05-25T16:41:06.067+0000] {taskinstance.py:2306} INFO - Starting attempt 1 of 3
[2026-05-25T16:41:06.072+0000] {taskinstance.py:2330} INFO - Executing <Task(BashOperator): dbt_run> on 2026-05-25 16:41:02.074308+00:00
[2026-05-25T16:41:06.075+0000] {logging_mixin.py:188} WARNING - /home/***/.local/lib/python3.12/site-packages/***/task/task_runner/standard_task_runner.py:61 DeprecationWarning: This process (pid=1695) is multi-threaded, use of fork() may lead to deadlocks in the child.
[2026-05-25T16:41:06.078+0000] {standard_task_runner.py:63} INFO - Started process 1696 to run task
[2026-05-25T16:41:06.077+0000] {standard_task_runner.py:90} INFO - Running: ['***', 'tasks', 'run', 'berlin_social_atlas', 'dbt_run', 'manual__2026-05-25T16:41:02.074308+00:00', '--job-id', '19', '--raw', '--subdir', 'DAGS_FOLDER/berlin_mss_pipeline.py', '--cfg-path', '/tmp/tmp194u_sst']
[2026-05-25T16:41:06.078+0000] {standard_task_runner.py:91} INFO - Job 19: Subtask dbt_run
[2026-05-25T16:41:06.103+0000] {task_command.py:426} INFO - Running <TaskInstance: berlin_social_atlas.dbt_run manual__2026-05-25T16:41:02.074308+00:00 [running]> on host f33b7c2b37fa
[2026-05-25T16:41:06.150+0000] {taskinstance.py:2648} INFO - Exporting env vars: AIRFLOW_CTX_DAG_OWNER='***' AIRFLOW_CTX_DAG_ID='berlin_social_atlas' AIRFLOW_CTX_TASK_ID='dbt_run' AIRFLOW_CTX_EXECUTION_DATE='2026-05-25T16:41:02.074308+00:00' AIRFLOW_CTX_TRY_NUMBER='1' AIRFLOW_CTX_DAG_RUN_ID='manual__2026-05-25T16:41:02.074308+00:00'
[2026-05-25T16:41:06.151+0000] {taskinstance.py:430} INFO - ::endgroup::
[2026-05-25T16:41:06.156+0000] {subprocess.py:63} INFO - Tmp dir root location: /tmp
[2026-05-25T16:41:06.156+0000] {subprocess.py:75} INFO - Running command: ['/usr/bin/bash', '-c', 'cd /opt/***/dbt && dbt deps --profiles-dir . && dbt run --profiles-dir .']
[2026-05-25T16:41:06.160+0000] {subprocess.py:86} INFO - Output:
[2026-05-25T16:41:07.442+0000] {subprocess.py:93} INFO - [0m16:41:07  Running with dbt=1.12.0-b1
[2026-05-25T16:41:07.840+0000] {subprocess.py:93} INFO - [0m16:41:07  Installing dbt-labs/dbt_utils
[2026-05-25T16:41:08.307+0000] {subprocess.py:93} INFO - [0m16:41:08  Installed from version 1.3.3
[2026-05-25T16:41:08.308+0000] {subprocess.py:93} INFO - [0m16:41:08  Up to date!
[2026-05-25T16:41:10.347+0000] {subprocess.py:93} INFO - [0m16:41:10  Running with dbt=1.12.0-b1
[2026-05-25T16:41:10.473+0000] {subprocess.py:93} INFO - [0m16:41:10  Registered adapter: postgres=1.10.0
[2026-05-25T16:41:10.687+0000] {subprocess.py:93} INFO - [0m16:41:10  Found 2 models, 12 data tests, 591 macros
[2026-05-25T16:41:10.688+0000] {subprocess.py:93} INFO - [0m16:41:10
[2026-05-25T16:41:10.688+0000] {subprocess.py:93} INFO - [0m16:41:10  Concurrency: 2 threads (target='dev')
[2026-05-25T16:41:10.689+0000] {subprocess.py:93} INFO - [0m16:41:10
[2026-05-25T16:41:10.743+0000] {subprocess.py:93} INFO - [0m16:41:10  1 of 2 START sql view model staging.stg_berlin_mss ............................. [RUN]
[2026-05-25T16:41:10.805+0000] {subprocess.py:93} INFO - [0m16:41:10  1 of 2 OK created sql view model staging.stg_berlin_mss ........................ [[32mCREATE VIEW[0m in 0.06s]
[2026-05-25T16:41:10.807+0000] {subprocess.py:93} INFO - [0m16:41:10  2 of 2 START sql table model staging.mart_district_social_index ................ [RUN]
[2026-05-25T16:41:10.848+0000] {subprocess.py:93} INFO - [0m16:41:10  2 of 2 OK created sql table model staging.mart_district_social_index ........... [[32mSELECT 12[0m in 0.04s]
[2026-05-25T16:41:10.855+0000] {subprocess.py:93} INFO - [0m16:41:10
[2026-05-25T16:41:10.856+0000] {subprocess.py:93} INFO - [0m16:41:10  Finished running 1 table model, 1 view model in 0 hours 0 minutes and 0.17 seconds (0.17s).
[2026-05-25T16:41:10.922+0000] {subprocess.py:93} INFO - [0m16:41:10
[2026-05-25T16:41:10.923+0000] {subprocess.py:93} INFO - [0m16:41:10  [32mCompleted successfully[0m
[2026-05-25T16:41:10.923+0000] {subprocess.py:93} INFO - [0m16:41:10
[2026-05-25T16:41:10.924+0000] {subprocess.py:93} INFO - [0m16:41:10  Done. PASS=2 WARN=0 ERROR=0 SKIP=0 NO-OP=0 TOTAL=2
[2026-05-25T16:41:11.628+0000] {subprocess.py:97} INFO - Command exited with return code 0
[2026-05-25T16:41:11.629+0000] {taskinstance.py:441} INFO - ::group::Post task execution logs
[2026-05-25T16:41:11.644+0000] {taskinstance.py:1206} INFO - Marking task as SUCCESS. dag_id=berlin_social_atlas, task_id=dbt_run, run_id=manual__2026-05-25T16:41:02.074308+00:00, execution_date=20260525T164102, start_date=20260525T164106, end_date=20260525T164111
[2026-05-25T16:41:11.658+0000] {local_task_job_runner.py:240} INFO - Task exited with return code 0
[2026-05-25T16:41:11.669+0000] {taskinstance.py:3498} INFO - 1 downstream tasks scheduled from follow-on schedule check
[2026-05-25T16:41:11.670+0000] {local_task_job_runner.py:222} INFO - ::endgroup::
