[2026-05-24T16:15:38.140+0000] {local_task_job_runner.py:120} INFO - ::group::Pre task execution logs
[2026-05-24T16:15:38.179+0000] {taskinstance.py:2076} INFO - Dependencies all met for dep_context=non-requeueable deps ti=<TaskInstance: berlin_social_atlas.dbt_run scheduled__2025-01-01T06:00:00+00:00 [queued]>
[2026-05-24T16:15:38.187+0000] {taskinstance.py:2076} INFO - Dependencies all met for dep_context=requeueable deps ti=<TaskInstance: berlin_social_atlas.dbt_run scheduled__2025-01-01T06:00:00+00:00 [queued]>
[2026-05-24T16:15:38.189+0000] {taskinstance.py:2306} INFO - Starting attempt 3 of 3
[2026-05-24T16:15:38.200+0000] {taskinstance.py:2330} INFO - Executing <Task(BashOperator): dbt_run> on 2025-01-01 06:00:00+00:00
[2026-05-24T16:15:38.206+0000] {logging_mixin.py:188} WARNING - /home/***/.local/lib/python3.12/site-packages/***/task/task_runner/standard_task_runner.py:61 DeprecationWarning: This process (pid=255) is multi-threaded, use of fork() may lead to deadlocks in the child.
[2026-05-24T16:15:38.206+0000] {standard_task_runner.py:90} INFO - Running: ['***', 'tasks', 'run', 'berlin_social_atlas', 'dbt_run', 'scheduled__2025-01-01T06:00:00+00:00', '--job-id', '10', '--raw', '--subdir', 'DAGS_FOLDER/berlin_mss_pipeline.py', '--cfg-path', '/tmp/tmpagr9r0jc']
[2026-05-24T16:15:38.208+0000] {standard_task_runner.py:91} INFO - Job 10: Subtask dbt_run
[2026-05-24T16:15:38.208+0000] {standard_task_runner.py:63} INFO - Started process 258 to run task
[2026-05-24T16:15:38.273+0000] {task_command.py:426} INFO - Running <TaskInstance: berlin_social_atlas.dbt_run scheduled__2025-01-01T06:00:00+00:00 [running]> on host 5ce735bd27b7
[2026-05-24T16:15:38.365+0000] {taskinstance.py:2648} INFO - Exporting env vars: AIRFLOW_CTX_DAG_OWNER='***' AIRFLOW_CTX_DAG_ID='berlin_social_atlas' AIRFLOW_CTX_TASK_ID='dbt_run' AIRFLOW_CTX_EXECUTION_DATE='2025-01-01T06:00:00+00:00' AIRFLOW_CTX_TRY_NUMBER='3' AIRFLOW_CTX_DAG_RUN_ID='scheduled__2025-01-01T06:00:00+00:00'
[2026-05-24T16:15:38.366+0000] {taskinstance.py:430} INFO - ::endgroup::
[2026-05-24T16:15:38.379+0000] {subprocess.py:63} INFO - Tmp dir root location: /tmp
[2026-05-24T16:15:38.380+0000] {subprocess.py:75} INFO - Running command: ['/usr/bin/bash', '-c', 'cd /opt/***/dbt && dbt run --profiles-dir .']
[2026-05-24T16:15:38.388+0000] {subprocess.py:86} INFO - Output:
[2026-05-24T16:15:38.391+0000] {subprocess.py:93} INFO - /usr/bin/bash: line 1: dbt: command not found
[2026-05-24T16:15:38.392+0000] {subprocess.py:97} INFO - Command exited with return code 127
[2026-05-24T16:15:38.393+0000] {taskinstance.py:441} INFO - ::group::Post task execution logs
[2026-05-24T16:15:38.422+0000] {taskinstance.py:2905} ERROR - Task failed with exception
Traceback (most recent call last):
  File "/home/airflow/.local/lib/python3.12/site-packages/airflow/models/taskinstance.py", line 465, in _execute_task
    result = _execute_callable(context=context, **execute_callable_kwargs)
             ^^^^^^^^^^^^^^^^^^^^^^^^^^^^^^^^^^^^^^^^^^^^^^^^^^^^^^^^^^^^^
  File "/home/airflow/.local/lib/python3.12/site-packages/airflow/models/taskinstance.py", line 432, in _execute_callable
    return execute_callable(context=context, **execute_callable_kwargs)
           ^^^^^^^^^^^^^^^^^^^^^^^^^^^^^^^^^^^^^^^^^^^^^^^^^^^^^^^^^^^^
  File "/home/airflow/.local/lib/python3.12/site-packages/airflow/models/baseoperator.py", line 400, in wrapper
    return func(self, *args, **kwargs)
           ^^^^^^^^^^^^^^^^^^^^^^^^^^^
  File "/home/airflow/.local/lib/python3.12/site-packages/airflow/operators/bash.py", line 243, in execute
    raise AirflowException(
airflow.exceptions.AirflowException: Bash command failed. The command returned a non-zero exit code 127.
[2026-05-24T16:15:38.427+0000] {taskinstance.py:1206} INFO - Marking task as FAILED. dag_id=berlin_social_atlas, task_id=dbt_run, run_id=scheduled__2025-01-01T06:00:00+00:00, execution_date=20250101T060000, start_date=20260524T161538, end_date=20260524T161538
[2026-05-24T16:15:38.441+0000] {standard_task_runner.py:110} ERROR - Failed to execute job 10 for task dbt_run (Bash command failed. The command returned a non-zero exit code 127.; 258)
[2026-05-24T16:15:38.472+0000] {local_task_job_runner.py:240} INFO - Task exited with return code 1
[2026-05-24T16:15:38.498+0000] {taskinstance.py:3498} INFO - 0 downstream tasks scheduled from follow-on schedule check
[2026-05-24T16:15:38.504+0000] {local_task_job_runner.py:222} INFO - ::endgroup::
[2026-05-24T16:39:39.715+0000] {local_task_job_runner.py:120} INFO - ::group::Pre task execution logs
[2026-05-24T16:39:39.746+0000] {taskinstance.py:2076} INFO - Dependencies all met for dep_context=non-requeueable deps ti=<TaskInstance: berlin_social_atlas.dbt_run scheduled__2025-01-01T06:00:00+00:00 [queued]>
[2026-05-24T16:39:39.752+0000] {taskinstance.py:2076} INFO - Dependencies all met for dep_context=requeueable deps ti=<TaskInstance: berlin_social_atlas.dbt_run scheduled__2025-01-01T06:00:00+00:00 [queued]>
[2026-05-24T16:39:39.752+0000] {taskinstance.py:2306} INFO - Starting attempt 3 of 3
[2026-05-24T16:39:39.762+0000] {taskinstance.py:2330} INFO - Executing <Task(BashOperator): dbt_run> on 2025-01-01 06:00:00+00:00
[2026-05-24T16:39:39.768+0000] {logging_mixin.py:188} WARNING - /home/***/.local/lib/python3.12/site-packages/***/task/task_runner/standard_task_runner.py:61 DeprecationWarning: This process (pid=461) is multi-threaded, use of fork() may lead to deadlocks in the child.
[2026-05-24T16:39:39.769+0000] {standard_task_runner.py:63} INFO - Started process 462 to run task
[2026-05-24T16:39:39.767+0000] {standard_task_runner.py:90} INFO - Running: ['***', 'tasks', 'run', 'berlin_social_atlas', 'dbt_run', 'scheduled__2025-01-01T06:00:00+00:00', '--job-id', '16', '--raw', '--subdir', 'DAGS_FOLDER/berlin_mss_pipeline.py', '--cfg-path', '/tmp/tmptfmdbuuj']
[2026-05-24T16:39:39.770+0000] {standard_task_runner.py:91} INFO - Job 16: Subtask dbt_run
[2026-05-24T16:39:39.825+0000] {task_command.py:426} INFO - Running <TaskInstance: berlin_social_atlas.dbt_run scheduled__2025-01-01T06:00:00+00:00 [running]> on host f33b7c2b37fa
[2026-05-24T16:39:39.900+0000] {taskinstance.py:2648} INFO - Exporting env vars: AIRFLOW_CTX_DAG_OWNER='***' AIRFLOW_CTX_DAG_ID='berlin_social_atlas' AIRFLOW_CTX_TASK_ID='dbt_run' AIRFLOW_CTX_EXECUTION_DATE='2025-01-01T06:00:00+00:00' AIRFLOW_CTX_TRY_NUMBER='3' AIRFLOW_CTX_DAG_RUN_ID='scheduled__2025-01-01T06:00:00+00:00'
[2026-05-24T16:39:39.901+0000] {taskinstance.py:430} INFO - ::endgroup::
[2026-05-24T16:39:39.910+0000] {subprocess.py:63} INFO - Tmp dir root location: /tmp
[2026-05-24T16:39:39.911+0000] {subprocess.py:75} INFO - Running command: ['/usr/bin/bash', '-c', 'cd /opt/***/dbt && dbt deps --profiles-dir . && dbt run --profiles-dir .']
[2026-05-24T16:39:39.916+0000] {subprocess.py:86} INFO - Output:
[2026-05-24T16:39:41.979+0000] {subprocess.py:93} INFO - [0m16:39:41  Running with dbt=1.12.0-b1
[2026-05-24T16:39:42.575+0000] {subprocess.py:93} INFO - [0m16:39:42  Installing dbt-labs/dbt_utils
[2026-05-24T16:39:43.154+0000] {subprocess.py:93} INFO - [0m16:39:43  Installed from version 1.3.3
[2026-05-24T16:39:43.155+0000] {subprocess.py:93} INFO - [0m16:39:43  Up to date!
[2026-05-24T16:39:45.816+0000] {subprocess.py:93} INFO - [0m16:39:45  Running with dbt=1.12.0-b1
[2026-05-24T16:39:46.018+0000] {subprocess.py:93} INFO - [0m16:39:46  Registered adapter: postgres=1.10.0
[2026-05-24T16:39:46.358+0000] {subprocess.py:93} INFO - [0m16:39:46  Found 2 models, 12 data tests, 591 macros
[2026-05-24T16:39:46.360+0000] {subprocess.py:93} INFO - [0m16:39:46
[2026-05-24T16:39:46.361+0000] {subprocess.py:93} INFO - [0m16:39:46  Concurrency: 2 threads (target='dev')
[2026-05-24T16:39:46.361+0000] {subprocess.py:93} INFO - [0m16:39:46
[2026-05-24T16:39:46.447+0000] {subprocess.py:93} INFO - [0m16:39:46  1 of 2 START sql view model staging.stg_berlin_mss ............................. [RUN]
[2026-05-24T16:39:46.540+0000] {subprocess.py:93} INFO - [0m16:39:46  1 of 2 OK created sql view model staging.stg_berlin_mss ........................ [[32mCREATE VIEW[0m in 0.09s]
[2026-05-24T16:39:46.542+0000] {subprocess.py:93} INFO - [0m16:39:46  2 of 2 START sql table model staging.mart_district_social_index ................ [RUN]
[2026-05-24T16:39:46.603+0000] {subprocess.py:93} INFO - [0m16:39:46  2 of 2 OK created sql table model staging.mart_district_social_index ........... [[32mSELECT 0[0m in 0.06s]
[2026-05-24T16:39:46.613+0000] {subprocess.py:93} INFO - [0m16:39:46
[2026-05-24T16:39:46.614+0000] {subprocess.py:93} INFO - [0m16:39:46  Finished running 1 table model, 1 view model in 0 hours 0 minutes and 0.25 seconds (0.25s).
[2026-05-24T16:39:46.702+0000] {subprocess.py:93} INFO - [0m16:39:46
[2026-05-24T16:39:46.703+0000] {subprocess.py:93} INFO - [0m16:39:46  [32mCompleted successfully[0m
[2026-05-24T16:39:46.704+0000] {subprocess.py:93} INFO - [0m16:39:46
[2026-05-24T16:39:46.704+0000] {subprocess.py:93} INFO - [0m16:39:46  Done. PASS=2 WARN=0 ERROR=0 SKIP=0 NO-OP=0 TOTAL=2
[2026-05-24T16:39:47.791+0000] {subprocess.py:97} INFO - Command exited with return code 0
[2026-05-24T16:39:47.792+0000] {taskinstance.py:441} INFO - ::group::Post task execution logs
[2026-05-24T16:39:47.813+0000] {taskinstance.py:1206} INFO - Marking task as SUCCESS. dag_id=berlin_social_atlas, task_id=dbt_run, run_id=scheduled__2025-01-01T06:00:00+00:00, execution_date=20250101T060000, start_date=20260524T163939, end_date=20260524T163947
[2026-05-24T16:39:47.826+0000] {local_task_job_runner.py:240} INFO - Task exited with return code 0
[2026-05-24T16:39:47.843+0000] {taskinstance.py:3498} INFO - 1 downstream tasks scheduled from follow-on schedule check
[2026-05-24T16:39:47.844+0000] {local_task_job_runner.py:222} INFO - ::endgroup::
