[2026-05-24T15:58:10.044+0000] {local_task_job_runner.py:120} INFO - ::group::Pre task execution logs
[2026-05-24T15:58:10.124+0000] {taskinstance.py:2076} INFO - Dependencies all met for dep_context=non-requeueable deps ti=<TaskInstance: berlin_social_atlas.ingest_berlin_mss manual__2026-05-24T15:58:09.431139+00:00 [queued]>
[2026-05-24T15:58:10.148+0000] {taskinstance.py:2076} INFO - Dependencies all met for dep_context=requeueable deps ti=<TaskInstance: berlin_social_atlas.ingest_berlin_mss manual__2026-05-24T15:58:09.431139+00:00 [queued]>
[2026-05-24T15:58:10.150+0000] {taskinstance.py:2306} INFO - Starting attempt 1 of 3
[2026-05-24T15:58:10.186+0000] {taskinstance.py:2330} INFO - Executing <Task(PythonOperator): ingest_berlin_mss> on 2026-05-24 15:58:09.431139+00:00
[2026-05-24T15:58:10.196+0000] {logging_mixin.py:188} WARNING - /home/***/.local/lib/python3.12/site-packages/***/task/task_runner/standard_task_runner.py:61 DeprecationWarning: This process (pid=284) is multi-threaded, use of fork() may lead to deadlocks in the child.
[2026-05-24T15:58:10.198+0000] {standard_task_runner.py:63} INFO - Started process 287 to run task
[2026-05-24T15:58:10.196+0000] {standard_task_runner.py:90} INFO - Running: ['***', 'tasks', 'run', 'berlin_social_atlas', 'ingest_berlin_mss', 'manual__2026-05-24T15:58:09.431139+00:00', '--job-id', '2', '--raw', '--subdir', 'DAGS_FOLDER/berlin_mss_pipeline.py', '--cfg-path', '/tmp/tmplm9iiaq7']
[2026-05-24T15:58:10.200+0000] {standard_task_runner.py:91} INFO - Job 2: Subtask ingest_berlin_mss
[2026-05-24T15:58:10.293+0000] {task_command.py:426} INFO - Running <TaskInstance: berlin_social_atlas.ingest_berlin_mss manual__2026-05-24T15:58:09.431139+00:00 [running]> on host 37cfe4649e81
[2026-05-24T15:58:10.407+0000] {taskinstance.py:2648} INFO - Exporting env vars: AIRFLOW_CTX_DAG_OWNER='***' AIRFLOW_CTX_DAG_ID='berlin_social_atlas' AIRFLOW_CTX_TASK_ID='ingest_berlin_mss' AIRFLOW_CTX_EXECUTION_DATE='2026-05-24T15:58:09.431139+00:00' AIRFLOW_CTX_TRY_NUMBER='1' AIRFLOW_CTX_DAG_RUN_ID='manual__2026-05-24T15:58:09.431139+00:00'
[2026-05-24T15:58:10.409+0000] {taskinstance.py:430} INFO - ::endgroup::
[2026-05-24T15:58:10.440+0000] {fetch_berlin_mss.py:54} INFO - Fetching WFS: https://gdi.berlin.de/services/wfs/mss_2025
[2026-05-24T15:58:11.776+0000] {fetch_berlin_mss.py:68} INFO - Parsing 542 features
[2026-05-24T15:58:12.029+0000] {fetch_berlin_mss.py:111} INFO - Cleared existing year=2025 records
[2026-05-24T15:58:12.437+0000] {fetch_berlin_mss.py:147} INFO - Loaded 542 records into raw.berlin_mss
[2026-05-24T15:58:12.438+0000] {fetch_berlin_mss.py:156} INFO - Ingestion complete.
[2026-05-24T15:58:12.449+0000] {python.py:237} INFO - Done. Returned value was: None
[2026-05-24T15:58:12.450+0000] {taskinstance.py:441} INFO - ::group::Post task execution logs
[2026-05-24T15:58:12.459+0000] {taskinstance.py:1206} INFO - Marking task as SUCCESS. dag_id=berlin_social_atlas, task_id=ingest_berlin_mss, run_id=manual__2026-05-24T15:58:09.431139+00:00, execution_date=20260524T155809, start_date=20260524T155810, end_date=20260524T155812
[2026-05-24T15:58:12.508+0000] {local_task_job_runner.py:240} INFO - Task exited with return code 0
[2026-05-24T15:58:12.529+0000] {taskinstance.py:3498} INFO - 1 downstream tasks scheduled from follow-on schedule check
[2026-05-24T15:58:12.531+0000] {local_task_job_runner.py:222} INFO - ::endgroup::
