[2026-05-24T16:15:38.138+0000] {local_task_job_runner.py:120} INFO - ::group::Pre task execution logs
[2026-05-24T16:15:38.177+0000] {taskinstance.py:2076} INFO - Dependencies all met for dep_context=non-requeueable deps ti=<TaskInstance: berlin_social_atlas.dbt_run manual__2026-05-24T16:05:31.317392+00:00 [queued]>
[2026-05-24T16:15:38.185+0000] {taskinstance.py:2076} INFO - Dependencies all met for dep_context=requeueable deps ti=<TaskInstance: berlin_social_atlas.dbt_run manual__2026-05-24T16:05:31.317392+00:00 [queued]>
[2026-05-24T16:15:38.187+0000] {taskinstance.py:2306} INFO - Starting attempt 3 of 3
[2026-05-24T16:15:38.199+0000] {taskinstance.py:2330} INFO - Executing <Task(BashOperator): dbt_run> on 2026-05-24 16:05:31.317392+00:00
[2026-05-24T16:15:38.206+0000] {logging_mixin.py:188} WARNING - /home/***/.local/lib/python3.12/site-packages/***/task/task_runner/standard_task_runner.py:61 DeprecationWarning: This process (pid=256) is multi-threaded, use of fork() may lead to deadlocks in the child.
[2026-05-24T16:15:38.207+0000] {standard_task_runner.py:63} INFO - Started process 257 to run task
[2026-05-24T16:15:38.206+0000] {standard_task_runner.py:90} INFO - Running: ['***', 'tasks', 'run', 'berlin_social_atlas', 'dbt_run', 'manual__2026-05-24T16:05:31.317392+00:00', '--job-id', '9', '--raw', '--subdir', 'DAGS_FOLDER/berlin_mss_pipeline.py', '--cfg-path', '/tmp/tmpgo_vb27j']
[2026-05-24T16:15:38.208+0000] {standard_task_runner.py:91} INFO - Job 9: Subtask dbt_run
[2026-05-24T16:15:38.271+0000] {task_command.py:426} INFO - Running <TaskInstance: berlin_social_atlas.dbt_run manual__2026-05-24T16:05:31.317392+00:00 [running]> on host 5ce735bd27b7
[2026-05-24T16:15:38.364+0000] {taskinstance.py:2648} INFO - Exporting env vars: AIRFLOW_CTX_DAG_OWNER='***' AIRFLOW_CTX_DAG_ID='berlin_social_atlas' AIRFLOW_CTX_TASK_ID='dbt_run' AIRFLOW_CTX_EXECUTION_DATE='2026-05-24T16:05:31.317392+00:00' AIRFLOW_CTX_TRY_NUMBER='3' AIRFLOW_CTX_DAG_RUN_ID='manual__2026-05-24T16:05:31.317392+00:00'
[2026-05-24T16:15:38.364+0000] {taskinstance.py:430} INFO - ::endgroup::
[2026-05-24T16:15:38.379+0000] {subprocess.py:63} INFO - Tmp dir root location: /tmp
[2026-05-24T16:15:38.380+0000] {subprocess.py:75} INFO - Running command: ['/usr/bin/bash', '-c', 'cd /opt/***/dbt && dbt run --profiles-dir .']
[2026-05-24T16:15:38.388+0000] {subprocess.py:86} INFO - Output:
[2026-05-24T16:15:38.391+0000] {subprocess.py:93} INFO - /usr/bin/bash: line 1: dbt: command not found
[2026-05-24T16:15:38.392+0000] {subprocess.py:97} INFO - Command exited with return code 127
[2026-05-24T16:15:38.406+0000] {taskinstance.py:441} INFO - ::group::Post task execution logs
[2026-05-24T16:15:38.422+0000] {taskinstance.py:2905} ERROR - Task failed with exception
Traceback (most recent call last):
  File "/home/airflow/.local/lib/python3.12/site-packages/airflow/models/taskinstance.py", line 465, in _execute_task
    result = _execute_callable(context=context, **execute_callable_kwargs)
             ^^^^^^^^^^^^^^^^^^^^^^^^^^^^^^^^^^^^^^^^^^^^^^^^^^^^^^^^^^^^^
  File "/home/airflow/.local/lib/python3.12/site-packages/airflow/models/taskinstance.py", line 432, in _execute_callable
    return execute_callable(context=context, **execute_callable_kwargs)
           ^^^^^^^^^^^^^^^^^^^^^^^^^^^^^^^^^^^^^^^^^^^^^^^^^^^^^^^^^^^^
  File "/home/airflow/.local/lib/python3.12/site-packages/airflow/models/baseoperator.py", line 400, in wrapper
    return func(self, *args, **kwargs)
           ^^^^^^^^^^^^^^^^^^^^^^^^^^^
  File "/home/airflow/.local/lib/python3.12/site-packages/airflow/operators/bash.py", line 243, in execute
    raise AirflowException(
airflow.exceptions.AirflowException: Bash command failed. The command returned a non-zero exit code 127.
[2026-05-24T16:15:38.427+0000] {taskinstance.py:1206} INFO - Marking task as FAILED. dag_id=berlin_social_atlas, task_id=dbt_run, run_id=manual__2026-05-24T16:05:31.317392+00:00, execution_date=20260524T160531, start_date=20260524T161538, end_date=20260524T161538
[2026-05-24T16:15:38.441+0000] {standard_task_runner.py:110} ERROR - Failed to execute job 9 for task dbt_run (Bash command failed. The command returned a non-zero exit code 127.; 257)
[2026-05-24T16:15:38.472+0000] {local_task_job_runner.py:240} INFO - Task exited with return code 1
[2026-05-24T16:15:38.496+0000] {taskinstance.py:3498} INFO - 0 downstream tasks scheduled from follow-on schedule check
[2026-05-24T16:15:38.500+0000] {local_task_job_runner.py:222} INFO - ::endgroup::
