[2026-05-24T15:58:13.554+0000] {local_task_job_runner.py:120} INFO - ::group::Pre task execution logs
[2026-05-24T15:58:13.580+0000] {taskinstance.py:2076} INFO - Dependencies all met for dep_context=non-requeueable deps ti=<TaskInstance: berlin_social_atlas.dbt_run manual__2026-05-24T15:58:09.431139+00:00 [queued]>
[2026-05-24T15:58:13.588+0000] {taskinstance.py:2076} INFO - Dependencies all met for dep_context=requeueable deps ti=<TaskInstance: berlin_social_atlas.dbt_run manual__2026-05-24T15:58:09.431139+00:00 [queued]>
[2026-05-24T15:58:13.589+0000] {taskinstance.py:2306} INFO - Starting attempt 1 of 3
[2026-05-24T15:58:13.601+0000] {taskinstance.py:2330} INFO - Executing <Task(BashOperator): dbt_run> on 2026-05-24 15:58:09.431139+00:00
[2026-05-24T15:58:13.605+0000] {logging_mixin.py:188} WARNING - /home/***/.local/lib/python3.12/site-packages/***/task/task_runner/standard_task_runner.py:61 DeprecationWarning: This process (pid=292) is multi-threaded, use of fork() may lead to deadlocks in the child.
[2026-05-24T15:58:13.605+0000] {standard_task_runner.py:90} INFO - Running: ['***', 'tasks', 'run', 'berlin_social_atlas', 'dbt_run', 'manual__2026-05-24T15:58:09.431139+00:00', '--job-id', '4', '--raw', '--subdir', 'DAGS_FOLDER/berlin_mss_pipeline.py', '--cfg-path', '/tmp/tmpizpsf1o5']
[2026-05-24T15:58:13.607+0000] {standard_task_runner.py:63} INFO - Started process 295 to run task
[2026-05-24T15:58:13.607+0000] {standard_task_runner.py:91} INFO - Job 4: Subtask dbt_run
[2026-05-24T15:58:13.653+0000] {task_command.py:426} INFO - Running <TaskInstance: berlin_social_atlas.dbt_run manual__2026-05-24T15:58:09.431139+00:00 [running]> on host 37cfe4649e81
[2026-05-24T15:58:13.722+0000] {taskinstance.py:2648} INFO - Exporting env vars: AIRFLOW_CTX_DAG_OWNER='***' AIRFLOW_CTX_DAG_ID='berlin_social_atlas' AIRFLOW_CTX_TASK_ID='dbt_run' AIRFLOW_CTX_EXECUTION_DATE='2026-05-24T15:58:09.431139+00:00' AIRFLOW_CTX_TRY_NUMBER='1' AIRFLOW_CTX_DAG_RUN_ID='manual__2026-05-24T15:58:09.431139+00:00'
[2026-05-24T15:58:13.724+0000] {taskinstance.py:430} INFO - ::endgroup::
[2026-05-24T15:58:13.733+0000] {subprocess.py:63} INFO - Tmp dir root location: /tmp
[2026-05-24T15:58:13.734+0000] {subprocess.py:75} INFO - Running command: ['/usr/bin/bash', '-c', 'cd /opt/***/dbt && dbt run --profiles-dir .']
[2026-05-24T15:58:13.738+0000] {subprocess.py:86} INFO - Output:
[2026-05-24T15:58:13.741+0000] {subprocess.py:93} INFO - /usr/bin/bash: line 1: cd: /opt/***/dbt: No such file or directory
[2026-05-24T15:58:13.741+0000] {subprocess.py:97} INFO - Command exited with return code 1
[2026-05-24T15:58:13.742+0000] {taskinstance.py:441} INFO - ::group::Post task execution logs
[2026-05-24T15:58:13.752+0000] {taskinstance.py:2905} ERROR - Task failed with exception
Traceback (most recent call last):
  File "/home/airflow/.local/lib/python3.12/site-packages/airflow/models/taskinstance.py", line 465, in _execute_task
    result = _execute_callable(context=context, **execute_callable_kwargs)
             ^^^^^^^^^^^^^^^^^^^^^^^^^^^^^^^^^^^^^^^^^^^^^^^^^^^^^^^^^^^^^
  File "/home/airflow/.local/lib/python3.12/site-packages/airflow/models/taskinstance.py", line 432, in _execute_callable
    return execute_callable(context=context, **execute_callable_kwargs)
           ^^^^^^^^^^^^^^^^^^^^^^^^^^^^^^^^^^^^^^^^^^^^^^^^^^^^^^^^^^^^
  File "/home/airflow/.local/lib/python3.12/site-packages/airflow/models/baseoperator.py", line 400, in wrapper
    return func(self, *args, **kwargs)
           ^^^^^^^^^^^^^^^^^^^^^^^^^^^
  File "/home/airflow/.local/lib/python3.12/site-packages/airflow/operators/bash.py", line 243, in execute
    raise AirflowException(
airflow.exceptions.AirflowException: Bash command failed. The command returned a non-zero exit code 1.
[2026-05-24T15:58:13.755+0000] {taskinstance.py:1206} INFO - Marking task as UP_FOR_RETRY. dag_id=berlin_social_atlas, task_id=dbt_run, run_id=manual__2026-05-24T15:58:09.431139+00:00, execution_date=20260524T155809, start_date=20260524T155813, end_date=20260524T155813
[2026-05-24T15:58:13.766+0000] {standard_task_runner.py:110} ERROR - Failed to execute job 4 for task dbt_run (Bash command failed. The command returned a non-zero exit code 1.; 295)
[2026-05-24T15:58:13.792+0000] {local_task_job_runner.py:240} INFO - Task exited with return code 1
[2026-05-24T15:58:13.813+0000] {taskinstance.py:3498} INFO - 0 downstream tasks scheduled from follow-on schedule check
[2026-05-24T15:58:13.816+0000] {local_task_job_runner.py:222} INFO - ::endgroup::
