[2026-05-24T16:37:59.279+0000] {local_task_job_runner.py:120} INFO - ::group::Pre task execution logs
[2026-05-24T16:37:59.308+0000] {taskinstance.py:2076} INFO - Dependencies all met for dep_context=non-requeueable deps ti=<TaskInstance: berlin_social_atlas.dbt_run manual__2026-05-24T16:32:45.299292+00:00 [queued]>
[2026-05-24T16:37:59.314+0000] {taskinstance.py:2076} INFO - Dependencies all met for dep_context=requeueable deps ti=<TaskInstance: berlin_social_atlas.dbt_run manual__2026-05-24T16:32:45.299292+00:00 [queued]>
[2026-05-24T16:37:59.314+0000] {taskinstance.py:2306} INFO - Starting attempt 2 of 3
[2026-05-24T16:37:59.322+0000] {taskinstance.py:2330} INFO - Executing <Task(BashOperator): dbt_run> on 2026-05-24 16:32:45.299292+00:00
[2026-05-24T16:37:59.327+0000] {logging_mixin.py:188} WARNING - /home/***/.local/lib/python3.12/site-packages/***/task/task_runner/standard_task_runner.py:61 DeprecationWarning: This process (pid=416) is multi-threaded, use of fork() may lead to deadlocks in the child.
[2026-05-24T16:37:59.328+0000] {standard_task_runner.py:63} INFO - Started process 417 to run task
[2026-05-24T16:37:59.328+0000] {standard_task_runner.py:90} INFO - Running: ['***', 'tasks', 'run', 'berlin_social_atlas', 'dbt_run', 'manual__2026-05-24T16:32:45.299292+00:00', '--job-id', '13', '--raw', '--subdir', 'DAGS_FOLDER/berlin_mss_pipeline.py', '--cfg-path', '/tmp/tmp0ljunfmb']
[2026-05-24T16:37:59.331+0000] {standard_task_runner.py:91} INFO - Job 13: Subtask dbt_run
[2026-05-24T16:37:59.373+0000] {task_command.py:426} INFO - Running <TaskInstance: berlin_social_atlas.dbt_run manual__2026-05-24T16:32:45.299292+00:00 [running]> on host f33b7c2b37fa
[2026-05-24T16:37:59.443+0000] {taskinstance.py:2648} INFO - Exporting env vars: AIRFLOW_CTX_DAG_OWNER='***' AIRFLOW_CTX_DAG_ID='berlin_social_atlas' AIRFLOW_CTX_TASK_ID='dbt_run' AIRFLOW_CTX_EXECUTION_DATE='2026-05-24T16:32:45.299292+00:00' AIRFLOW_CTX_TRY_NUMBER='2' AIRFLOW_CTX_DAG_RUN_ID='manual__2026-05-24T16:32:45.299292+00:00'
[2026-05-24T16:37:59.444+0000] {taskinstance.py:430} INFO - ::endgroup::
[2026-05-24T16:37:59.453+0000] {subprocess.py:63} INFO - Tmp dir root location: /tmp
[2026-05-24T16:37:59.454+0000] {subprocess.py:75} INFO - Running command: ['/usr/bin/bash', '-c', 'cd /opt/***/dbt && dbt deps --profiles-dir . && dbt run --profiles-dir .']
[2026-05-24T16:37:59.459+0000] {subprocess.py:86} INFO - Output:
[2026-05-24T16:38:01.437+0000] {subprocess.py:93} INFO - [0m16:38:01  Running with dbt=1.12.0-b1
[2026-05-24T16:38:01.905+0000] {subprocess.py:93} INFO - [0m16:38:01  Installing dbt-labs/dbt_utils
[2026-05-24T16:38:02.468+0000] {subprocess.py:93} INFO - [0m16:38:02  Installed from version 1.3.3
[2026-05-24T16:38:02.469+0000] {subprocess.py:93} INFO - [0m16:38:02  Up to date!
[2026-05-24T16:38:05.223+0000] {subprocess.py:93} INFO - [0m16:38:05  Running with dbt=1.12.0-b1
[2026-05-24T16:38:05.429+0000] {subprocess.py:93} INFO - [0m16:38:05  Registered adapter: postgres=1.10.0
[2026-05-24T16:38:05.774+0000] {subprocess.py:93} INFO - [0m16:38:05  Found 2 models, 12 data tests, 591 macros
[2026-05-24T16:38:05.777+0000] {subprocess.py:93} INFO - [0m16:38:05
[2026-05-24T16:38:05.777+0000] {subprocess.py:93} INFO - [0m16:38:05  Concurrency: 2 threads (target='dev')
[2026-05-24T16:38:05.778+0000] {subprocess.py:93} INFO - [0m16:38:05
[2026-05-24T16:38:05.867+0000] {subprocess.py:93} INFO - [0m16:38:05  1 of 2 START sql view model staging.stg_berlin_mss ............................. [RUN]
[2026-05-24T16:38:05.964+0000] {subprocess.py:93} INFO - [0m16:38:05  1 of 2 OK created sql view model staging.stg_berlin_mss ........................ [[32mCREATE VIEW[0m in 0.09s]
[2026-05-24T16:38:05.966+0000] {subprocess.py:93} INFO - [0m16:38:05  2 of 2 START sql table model staging.mart_district_social_index ................ [RUN]
[2026-05-24T16:38:06.032+0000] {subprocess.py:93} INFO - [0m16:38:06  2 of 2 OK created sql table model staging.mart_district_social_index ........... [[32mSELECT 0[0m in 0.06s]
[2026-05-24T16:38:06.044+0000] {subprocess.py:93} INFO - [0m16:38:06
[2026-05-24T16:38:06.044+0000] {subprocess.py:93} INFO - [0m16:38:06  Finished running 1 table model, 1 view model in 0 hours 0 minutes and 0.27 seconds (0.27s).
[2026-05-24T16:38:06.139+0000] {subprocess.py:93} INFO - [0m16:38:06
[2026-05-24T16:38:06.140+0000] {subprocess.py:93} INFO - [0m16:38:06  [32mCompleted successfully[0m
[2026-05-24T16:38:06.140+0000] {subprocess.py:93} INFO - [0m16:38:06
[2026-05-24T16:38:06.141+0000] {subprocess.py:93} INFO - [0m16:38:06  Done. PASS=2 WARN=0 ERROR=0 SKIP=0 NO-OP=0 TOTAL=2
[2026-05-24T16:38:06.873+0000] {subprocess.py:97} INFO - Command exited with return code 0
[2026-05-24T16:38:06.874+0000] {taskinstance.py:441} INFO - ::group::Post task execution logs
[2026-05-24T16:38:06.895+0000] {taskinstance.py:1206} INFO - Marking task as SUCCESS. dag_id=berlin_social_atlas, task_id=dbt_run, run_id=manual__2026-05-24T16:32:45.299292+00:00, execution_date=20260524T163245, start_date=20260524T163759, end_date=20260524T163806
[2026-05-24T16:38:06.917+0000] {local_task_job_runner.py:240} INFO - Task exited with return code 0
[2026-05-24T16:38:06.934+0000] {taskinstance.py:3498} INFO - 1 downstream tasks scheduled from follow-on schedule check
[2026-05-24T16:38:06.935+0000] {local_task_job_runner.py:222} INFO - ::endgroup::
