[2026-05-24T16:32:49.526+0000] {local_task_job_runner.py:120} INFO - ::group::Pre task execution logs
[2026-05-24T16:32:49.550+0000] {taskinstance.py:2076} INFO - Dependencies all met for dep_context=non-requeueable deps ti=<TaskInstance: berlin_social_atlas.dbt_run manual__2026-05-24T16:32:45.299292+00:00 [queued]>
[2026-05-24T16:32:49.555+0000] {taskinstance.py:2076} INFO - Dependencies all met for dep_context=requeueable deps ti=<TaskInstance: berlin_social_atlas.dbt_run manual__2026-05-24T16:32:45.299292+00:00 [queued]>
[2026-05-24T16:32:49.556+0000] {taskinstance.py:2306} INFO - Starting attempt 1 of 3
[2026-05-24T16:32:49.563+0000] {taskinstance.py:2330} INFO - Executing <Task(BashOperator): dbt_run> on 2026-05-24 16:32:45.299292+00:00
[2026-05-24T16:32:49.570+0000] {logging_mixin.py:188} WARNING - /home/***/.local/lib/python3.12/site-packages/***/task/task_runner/standard_task_runner.py:61 DeprecationWarning: This process (pid=297) is multi-threaded, use of fork() may lead to deadlocks in the child.
[2026-05-24T16:32:49.571+0000] {standard_task_runner.py:63} INFO - Started process 298 to run task
[2026-05-24T16:32:49.570+0000] {standard_task_runner.py:90} INFO - Running: ['***', 'tasks', 'run', 'berlin_social_atlas', 'dbt_run', 'manual__2026-05-24T16:32:45.299292+00:00', '--job-id', '7', '--raw', '--subdir', 'DAGS_FOLDER/berlin_mss_pipeline.py', '--cfg-path', '/tmp/tmpw004km12']
[2026-05-24T16:32:49.572+0000] {standard_task_runner.py:91} INFO - Job 7: Subtask dbt_run
[2026-05-24T16:32:49.615+0000] {task_command.py:426} INFO - Running <TaskInstance: berlin_social_atlas.dbt_run manual__2026-05-24T16:32:45.299292+00:00 [running]> on host f33b7c2b37fa
[2026-05-24T16:32:49.678+0000] {taskinstance.py:2648} INFO - Exporting env vars: AIRFLOW_CTX_DAG_OWNER='***' AIRFLOW_CTX_DAG_ID='berlin_social_atlas' AIRFLOW_CTX_TASK_ID='dbt_run' AIRFLOW_CTX_EXECUTION_DATE='2026-05-24T16:32:45.299292+00:00' AIRFLOW_CTX_TRY_NUMBER='1' AIRFLOW_CTX_DAG_RUN_ID='manual__2026-05-24T16:32:45.299292+00:00'
[2026-05-24T16:32:49.679+0000] {taskinstance.py:430} INFO - ::endgroup::
[2026-05-24T16:32:49.687+0000] {subprocess.py:63} INFO - Tmp dir root location: /tmp
[2026-05-24T16:32:49.687+0000] {subprocess.py:75} INFO - Running command: ['/usr/bin/bash', '-c', 'cd /opt/***/dbt && dbt deps --profiles-dir . && dbt run --profiles-dir .']
[2026-05-24T16:32:49.692+0000] {subprocess.py:86} INFO - Output:
[2026-05-24T16:32:51.646+0000] {subprocess.py:93} INFO - [0m16:32:51  Running with dbt=1.12.0-b1
[2026-05-24T16:32:52.055+0000] {subprocess.py:93} INFO - [0m16:32:52  Updating lock file in file path: /opt/***/dbt/package-lock.yml
[2026-05-24T16:32:52.062+0000] {subprocess.py:93} INFO - [0m16:32:52  Installing dbt-labs/dbt_utils
[2026-05-24T16:32:52.639+0000] {subprocess.py:93} INFO - [0m16:32:52  Installed from version 1.3.3
[2026-05-24T16:32:52.640+0000] {subprocess.py:93} INFO - [0m16:32:52  Up to date!
[2026-05-24T16:32:55.815+0000] {subprocess.py:93} INFO - [0m16:32:55  Running with dbt=1.12.0-b1
[2026-05-24T16:32:56.024+0000] {subprocess.py:93} INFO - [0m16:32:56  Registered adapter: postgres=1.10.0
[2026-05-24T16:32:56.089+0000] {subprocess.py:93} INFO - [0m16:32:56  Unable to do partial parsing because saved manifest not found. Starting full parse.
[2026-05-24T16:32:57.320+0000] {subprocess.py:93} INFO - [0m16:32:57  [[33mWARNING[0m][MissingArgumentsPropertyInGenericTestDeprecation]: Deprecated
[2026-05-24T16:32:57.321+0000] {subprocess.py:93} INFO - functionality
[2026-05-24T16:32:57.321+0000] {subprocess.py:93} INFO - Found top-level arguments to test `dbt_utils.accepted_range` defined on
[2026-05-24T16:32:57.321+0000] {subprocess.py:93} INFO - 'stg_berlin_mss' in package 'berlin_social_atlas' (models/schema.yml). Arguments
[2026-05-24T16:32:57.321+0000] {subprocess.py:93} INFO - to generic tests should be nested under the `arguments` property.
[2026-05-24T16:32:57.545+0000] {subprocess.py:93} INFO - [0m16:32:57  Found 2 models, 12 data tests, 591 macros
[2026-05-24T16:32:57.549+0000] {subprocess.py:93} INFO - [0m16:32:57
[2026-05-24T16:32:57.549+0000] {subprocess.py:93} INFO - [0m16:32:57  Concurrency: 2 threads (target='dev')
[2026-05-24T16:32:57.550+0000] {subprocess.py:93} INFO - [0m16:32:57
[2026-05-24T16:32:57.592+0000] {subprocess.py:93} INFO - [0m16:32:57
[2026-05-24T16:32:57.593+0000] {subprocess.py:93} INFO - [0m16:32:57  Finished running  in 0 hours 0 minutes and 0.04 seconds (0.04s).
[2026-05-24T16:32:57.594+0000] {subprocess.py:93} INFO - [0m16:32:57  [[31mERROR[0m]: Encountered an error:
[2026-05-24T16:32:57.594+0000] {subprocess.py:93} INFO - Database Error
[2026-05-24T16:32:57.594+0000] {subprocess.py:93} INFO -   connection to server at "localhost" (::1), port 5432 failed: Connection refused
[2026-05-24T16:32:57.594+0000] {subprocess.py:93} INFO -   	Is the server running on that host and accepting TCP/IP connections?
[2026-05-24T16:32:57.595+0000] {subprocess.py:93} INFO -   connection to server at "localhost" (127.0.0.1), port 5432 failed: Connection refused
[2026-05-24T16:32:57.595+0000] {subprocess.py:93} INFO -   	Is the server running on that host and accepting TCP/IP connections?
[2026-05-24T16:32:57.595+0000] {subprocess.py:93} INFO - 
[2026-05-24T16:32:57.595+0000] {subprocess.py:93} INFO - [0m16:32:57  [[33mWARNING[0m][DeprecationsSummary]: Deprecated functionality
[2026-05-24T16:32:57.595+0000] {subprocess.py:93} INFO - Summary of encountered deprecations:
[2026-05-24T16:32:57.596+0000] {subprocess.py:93} INFO - - MissingArgumentsPropertyInGenericTestDeprecation: 3 occurrences
[2026-05-24T16:32:57.596+0000] {subprocess.py:93} INFO - To see all deprecation instances instead of just the first occurrence of each,
[2026-05-24T16:32:57.596+0000] {subprocess.py:93} INFO - run command again with the `--show-all-deprecations` flag. You may also need to
[2026-05-24T16:32:57.596+0000] {subprocess.py:93} INFO - run with `--no-partial-parse` as some deprecations are only encountered during
[2026-05-24T16:32:57.596+0000] {subprocess.py:93} INFO - parsing.
[2026-05-24T16:32:58.351+0000] {subprocess.py:97} INFO - Command exited with return code 2
[2026-05-24T16:32:58.352+0000] {taskinstance.py:441} INFO - ::group::Post task execution logs
[2026-05-24T16:32:58.363+0000] {taskinstance.py:2905} ERROR - Task failed with exception
Traceback (most recent call last):
  File "/home/airflow/.local/lib/python3.12/site-packages/airflow/models/taskinstance.py", line 465, in _execute_task
    result = _execute_callable(context=context, **execute_callable_kwargs)
             ^^^^^^^^^^^^^^^^^^^^^^^^^^^^^^^^^^^^^^^^^^^^^^^^^^^^^^^^^^^^^
  File "/home/airflow/.local/lib/python3.12/site-packages/airflow/models/taskinstance.py", line 432, in _execute_callable
    return execute_callable(context=context, **execute_callable_kwargs)
           ^^^^^^^^^^^^^^^^^^^^^^^^^^^^^^^^^^^^^^^^^^^^^^^^^^^^^^^^^^^^
  File "/home/airflow/.local/lib/python3.12/site-packages/airflow/models/baseoperator.py", line 400, in wrapper
    return func(self, *args, **kwargs)
           ^^^^^^^^^^^^^^^^^^^^^^^^^^^
  File "/home/airflow/.local/lib/python3.12/site-packages/airflow/operators/bash.py", line 243, in execute
    raise AirflowException(
airflow.exceptions.AirflowException: Bash command failed. The command returned a non-zero exit code 2.
[2026-05-24T16:32:58.367+0000] {taskinstance.py:1206} INFO - Marking task as UP_FOR_RETRY. dag_id=berlin_social_atlas, task_id=dbt_run, run_id=manual__2026-05-24T16:32:45.299292+00:00, execution_date=20260524T163245, start_date=20260524T163249, end_date=20260524T163258
[2026-05-24T16:32:58.378+0000] {standard_task_runner.py:110} ERROR - Failed to execute job 7 for task dbt_run (Bash command failed. The command returned a non-zero exit code 2.; 298)
[2026-05-24T16:32:58.418+0000] {local_task_job_runner.py:240} INFO - Task exited with return code 1
[2026-05-24T16:32:58.437+0000] {taskinstance.py:3498} INFO - 0 downstream tasks scheduled from follow-on schedule check
[2026-05-24T16:32:58.438+0000] {local_task_job_runner.py:222} INFO - ::endgroup::
